Cache sync 1 at Sun Apr 26 12:35:06 UTC 2026
Cache sync 2 at Sun Apr 26 12:35:06 UTC 2026
Cache sync 3 at Sun Apr 26 12:35:06 UTC 2026
Cache sync 4 at Sun Apr 26 12:35:06 UTC 2026
Cache sync 5 at Sun Apr 26 12:35:06 UTC 2026
Cache sync 6 at Sun Apr 26 12:35:06 UTC 2026
Cache sync 7 at Sun Apr 26 12:35:06 UTC 2026
Cache sync 8 at Sun Apr 26 12:35:06 UTC 2026
Cache sync 9 at Sun Apr 26 12:35:06 UTC 2026
Cache sync 10 at Sun Apr 26 12:35:06 UTC 2026
Cache sync 11 at Sun Apr 26 12:35:06 UTC 2026
Cache sync 12 at Sun Apr 26 12:35:06 UTC 2026
Cache sync 13 at Sun Apr 26 12:35:06 UTC 2026
Cache sync 14 at Sun Apr 26 12:35:06 UTC 2026
Cache sync 15 at Sun Apr 26 12:35:06 UTC 2026
Cache sync 16 at Sun Apr 26 12:35:06 UTC 2026
Cache sync 17 at Sun Apr 26 12:35:06 UTC 2026
Cache sync 18 at Sun Apr 26 12:35:06 UTC 2026
Cache sync 19 at Sun Apr 26 12:35:06 UTC 2026
Cache sync 20 at Sun Apr 26 12:35:06 UTC 2026
Cache sync 21 at Sun Apr 26 12:35:06 UTC 2026
Cache sync 22 at Sun Apr 26 12:35:06 UTC 2026
Cache sync 23 at Sun Apr 26 12:35:06 UTC 2026
Cache sync 24 at Sun Apr 26 12:35:06 UTC 2026
Cache sync 25 at Sun Apr 26 12:35:06 UTC 2026
Cache sync 26 at Sun Apr 26 12:35:06 UTC 2026
Cache sync 27 at Sun Apr 26 12:35:06 UTC 2026
Cache sync 28 at Sun Apr 26 12:35:06 UTC 2026
Cache sync 29 at Sun Apr 26 12:35:06 UTC 2026
Cache sync 30 at Sun Apr 26 12:35:06 UTC 2026
Cache sync 31 at Sun Apr 26 12:35:06 UTC 2026
Cache sync 32 at Sun Apr 26 12:35:06 UTC 2026
Cache sync 33 at Sun Apr 26 12:35:06 UTC 2026
Cache sync 34 at Sun Apr 26 12:35:06 UTC 2026
Cache sync 35 at Sun Apr 26 12:35:06 UTC 2026
Cache sync 36 at Sun Apr 26 12:35:06 UTC 2026
Cache sync 37 at Sun Apr 26 12:35:06 UTC 2026
Cache sync 38 at Sun Apr 26 12:35:06 UTC 2026
Cache sync 39 at Sun Apr 26 12:35:06 UTC 2026
Cache sync 40 at Sun Apr 26 12:35:06 UTC 2026
Cache sync 41 at Sun Apr 26 12:35:06 UTC 2026
Cache sync 42 at Sun Apr 26 12:35:06 UTC 2026
Cache sync 43 at Sun Apr 26 12:35:06 UTC 2026
Cache sync 44 at Sun Apr 26 12:35:06 UTC 2026
Cache sync 45 at Sun Apr 26 12:35:06 UTC 2026
Cache sync 46 at Sun Apr 26 12:35:06 UTC 2026
Cache sync 47 at Sun Apr 26 12:35:06 UTC 2026
Cache sync 48 at Sun Apr 26 12:35:06 UTC 2026
Cache sync 49 at Sun Apr 26 12:35:06 UTC 2026
Cache sync 50 at Sun Apr 26 12:35:06 UTC 2026
Cache sync 51 at Sun Apr 26 12:35:06 UTC 2026
Cache sync 52 at Sun Apr 26 12:35:06 UTC 2026
Cache sync 53 at Sun Apr 26 12:35:06 UTC 2026
Cache sync 54 at Sun Apr 26 12:35:06 UTC 2026
Cache sync 55 at Sun Apr 26 12:35:06 UTC 2026
Cache sync 56 at Sun Apr 26 12:35:06 UTC 2026
Cache sync 57 at Sun Apr 26 12:35:06 UTC 2026
Cache sync 58 at Sun Apr 26 12:35:06 UTC 2026
Cache sync 59 at Sun Apr 26 12:35:06 UTC 2026
Cache sync 60 at Sun Apr 26 12:35:06 UTC 2026
Cache sync 61 at Sun Apr 26 12:35:06 UTC 2026
Cache sync 62 at Sun Apr 26 12:35:06 UTC 2026
Cache sync 63 at Sun Apr 26 12:35:06 UTC 2026
Cache sync 64 at Sun Apr 26 12:35:06 UTC 2026
Cache sync 65 at Sun Apr 26 12:35:06 UTC 2026
Cache sync 66 at Sun Apr 26 12:35:06 UTC 2026
Cache sync 67 at Sun Apr 26 12:35:06 UTC 2026
Cache sync 68 at Sun Apr 26 12:35:06 UTC 2026
Cache sync 69 at Sun Apr 26 12:35:06 UTC 2026
Cache sync 70 at Sun Apr 26 12:35:06 UTC 2026
Cache sync 71 at Sun Apr 26 12:35:06 UTC 2026
Cache sync 72 at Sun Apr 26 12:35:06 UTC 2026
Cache sync 73 at Sun Apr 26 12:35:06 UTC 2026
Cache sync 74 at Sun Apr 26 12:35:06 UTC 2026
Cache sync 75 at Sun Apr 26 12:35:06 UTC 2026
Cache sync 76 at Sun Apr 26 12:35:06 UTC 2026
Cache sync 77 at Sun Apr 26 12:35:06 UTC 2026
Cache sync 78 at Sun Apr 26 12:35:06 UTC 2026
Cache sync 79 at Sun Apr 26 12:35:06 UTC 2026
Cache sync 80 at Sun Apr 26 12:35:06 UTC 2026
Cache sync 81 at Sun Apr 26 12:35:07 UTC 2026
Cache sync 82 at Sun Apr 26 12:35:07 UTC 2026
Cache sync 1 at Mon Apr 27 01:20:13 UTC 2026
Cache sync 2 at Mon Apr 27 01:20:13 UTC 2026
Cache sync 3 at Mon Apr 27 01:20:13 UTC 2026
Cache sync 4 at Mon Apr 27 01:20:13 UTC 2026
Cache sync 5 at Mon Apr 27 01:20:13 UTC 2026
Cache sync 6 at Mon Apr 27 01:20:13 UTC 2026
Cache sync 7 at Mon Apr 27 01:20:13 UTC 2026
Cache sync 8 at Mon Apr 27 01:20:13 UTC 2026
Cache sync 9 at Mon Apr 27 01:20:13 UTC 2026
Cache sync 10 at Mon Apr 27 01:20:13 UTC 2026
Cache sync 11 at Mon Apr 27 01:20:13 UTC 2026
Cache sync 12 at Mon Apr 27 01:20:13 UTC 2026
Cache sync 13 at Mon Apr 27 01:20:13 UTC 2026
Cache sync 14 at Mon Apr 27 01:20:13 UTC 2026
Cache sync 15 at Mon Apr 27 01:20:13 UTC 2026
Cache sync 16 at Mon Apr 27 01:20:13 UTC 2026
Cache sync 17 at Mon Apr 27 01:20:13 UTC 2026
Cache sync 18 at Mon Apr 27 01:20:13 UTC 2026
Cache sync 19 at Mon Apr 27 01:20:13 UTC 2026
Cache sync 20 at Mon Apr 27 01:20:13 UTC 2026
Cache sync 21 at Mon Apr 27 01:20:13 UTC 2026
Cache sync 22 at Mon Apr 27 01:20:13 UTC 2026
Cache sync 23 at Mon Apr 27 01:20:13 UTC 2026
Cache sync 24 at Mon Apr 27 01:20:13 UTC 2026
Cache sync 25 at Mon Apr 27 01:20:13 UTC 2026
Cache sync 26 at Mon Apr 27 01:20:13 UTC 2026
Cache sync 27 at Mon Apr 27 01:20:13 UTC 2026
Cache sync 28 at Mon Apr 27 01:20:13 UTC 2026
Cache sync 29 at Mon Apr 27 01:20:13 UTC 2026
Cache sync 30 at Mon Apr 27 01:20:13 UTC 2026
Cache sync 31 at Mon Apr 27 01:20:13 UTC 2026
Cache sync 32 at Mon Apr 27 01:20:13 UTC 2026
Cache sync 33 at Mon Apr 27 01:20:13 UTC 2026
Cache sync 34 at Mon Apr 27 01:20:13 UTC 2026
Cache sync 35 at Mon Apr 27 01:20:13 UTC 2026
Cache sync 36 at Mon Apr 27 01:20:13 UTC 2026
Cache sync 37 at Mon Apr 27 01:20:13 UTC 2026
Cache sync 38 at Mon Apr 27 01:20:13 UTC 2026
Cache sync 39 at Mon Apr 27 01:20:13 UTC 2026
Cache sync 40 at Mon Apr 27 01:20:13 UTC 2026
Cache sync 41 at Mon Apr 27 01:20:13 UTC 2026
Cache sync 42 at Mon Apr 27 01:20:13 UTC 2026
Cache sync 43 at Mon Apr 27 01:20:13 UTC 2026
Cache sync 44 at Mon Apr 27 01:20:13 UTC 2026
Cache sync 45 at Mon Apr 27 01:20:13 UTC 2026
Cache sync 46 at Mon Apr 27 01:20:13 UTC 2026
Cache sync 47 at Mon Apr 27 01:20:13 UTC 2026
Cache sync 48 at Mon Apr 27 01:20:13 UTC 2026
Cache sync 49 at Mon Apr 27 01:20:13 UTC 2026
Cache sync 50 at Mon Apr 27 01:20:13 UTC 2026
Cache sync 51 at Mon Apr 27 01:20:13 UTC 2026
Cache sync 52 at Mon Apr 27 01:20:13 UTC 2026
Cache sync 53 at Mon Apr 27 01:20:13 UTC 2026
Cache sync 54 at Mon Apr 27 01:20:13 UTC 2026
Cache sync 55 at Mon Apr 27 01:20:13 UTC 2026
Cache sync 56 at Mon Apr 27 01:20:14 UTC 2026
Cache sync 57 at Mon Apr 27 01:20:14 UTC 2026
Cache sync 58 at Mon Apr 27 01:20:14 UTC 2026
Cache sync 59 at Mon Apr 27 01:20:14 UTC 2026
Cache sync 60 at Mon Apr 27 01:20:14 UTC 2026
Cache sync 61 at Mon Apr 27 01:20:14 UTC 2026
Cache sync 62 at Mon Apr 27 01:20:14 UTC 2026
Cache sync 63 at Mon Apr 27 01:20:14 UTC 2026
Cache sync 64 at Mon Apr 27 01:20:14 UTC 2026
Cache sync 65 at Mon Apr 27 01:20:14 UTC 2026
Cache sync 66 at Mon Apr 27 01:20:14 UTC 2026
Cache sync 67 at Mon Apr 27 01:20:14 UTC 2026
Cache sync 68 at Mon Apr 27 01:20:14 UTC 2026
Cache sync 69 at Mon Apr 27 01:20:14 UTC 2026
Cache sync 70 at Mon Apr 27 01:20:14 UTC 2026
Cache sync 71 at Mon Apr 27 01:20:14 UTC 2026
Cache sync 72 at Mon Apr 27 01:20:14 UTC 2026
Cache sync 1 at Tue Apr 28 01:26:46 UTC 2026
Cache sync 2 at Tue Apr 28 01:26:46 UTC 2026
Cache sync 3 at Tue Apr 28 01:26:46 UTC 2026
Cache sync 4 at Tue Apr 28 01:26:46 UTC 2026
Cache sync 5 at Tue Apr 28 01:26:46 UTC 2026
Cache sync 6 at Tue Apr 28 01:26:46 UTC 2026
Cache sync 7 at Tue Apr 28 01:26:46 UTC 2026
Cache sync 8 at Tue Apr 28 01:26:46 UTC 2026
Cache sync 9 at Tue Apr 28 01:26:46 UTC 2026
Cache sync 10 at Tue Apr 28 01:26:46 UTC 2026
Cache sync 11 at Tue Apr 28 01:26:46 UTC 2026
Cache sync 12 at Tue Apr 28 01:26:46 UTC 2026
Cache sync 13 at Tue Apr 28 01:26:46 UTC 2026
Cache sync 14 at Tue Apr 28 01:26:46 UTC 2026
Cache sync 15 at Tue Apr 28 01:26:46 UTC 2026
Cache sync 16 at Tue Apr 28 01:26:46 UTC 2026
Cache sync 17 at Tue Apr 28 01:26:46 UTC 2026
Cache sync 18 at Tue Apr 28 01:26:46 UTC 2026
Cache sync 19 at Tue Apr 28 01:26:46 UTC 2026
Cache sync 20 at Tue Apr 28 01:26:46 UTC 2026
Cache sync 21 at Tue Apr 28 01:26:46 UTC 2026
Cache sync 22 at Tue Apr 28 01:26:46 UTC 2026
Cache sync 23 at Tue Apr 28 01:26:46 UTC 2026
Cache sync 24 at Tue Apr 28 01:26:46 UTC 2026
Cache sync 25 at Tue Apr 28 01:26:46 UTC 2026
Cache sync 26 at Tue Apr 28 01:26:46 UTC 2026
Cache sync 27 at Tue Apr 28 01:26:46 UTC 2026
Cache sync 28 at Tue Apr 28 01:26:46 UTC 2026
Cache sync 29 at Tue Apr 28 01:26:46 UTC 2026
Cache sync 30 at Tue Apr 28 01:26:47 UTC 2026
Cache sync 31 at Tue Apr 28 01:26:47 UTC 2026
Cache sync 32 at Tue Apr 28 01:26:47 UTC 2026
Cache sync 33 at Tue Apr 28 01:26:47 UTC 2026
Cache sync 34 at Tue Apr 28 01:26:47 UTC 2026
Cache sync 35 at Tue Apr 28 01:26:47 UTC 2026
Cache sync 36 at Tue Apr 28 01:26:47 UTC 2026
Cache sync 37 at Tue Apr 28 01:26:47 UTC 2026
Cache sync 38 at Tue Apr 28 01:26:47 UTC 2026
Cache sync 39 at Tue Apr 28 01:26:47 UTC 2026
Cache sync 40 at Tue Apr 28 01:26:47 UTC 2026
Cache sync 41 at Tue Apr 28 01:26:47 UTC 2026
Cache sync 42 at Tue Apr 28 01:26:47 UTC 2026
Cache sync 43 at Tue Apr 28 01:26:47 UTC 2026
Cache sync 44 at Tue Apr 28 01:26:47 UTC 2026
Cache sync 45 at Tue Apr 28 01:26:47 UTC 2026
Cache sync 46 at Tue Apr 28 01:26:47 UTC 2026
Cache sync 47 at Tue Apr 28 01:26:47 UTC 2026
Cache sync 48 at Tue Apr 28 01:26:47 UTC 2026
Cache sync 49 at Tue Apr 28 01:26:47 UTC 2026
Cache sync 50 at Tue Apr 28 01:26:47 UTC 2026
Cache sync 51 at Tue Apr 28 01:26:47 UTC 2026
Cache sync 52 at Tue Apr 28 01:26:47 UTC 2026
Cache sync 53 at Tue Apr 28 01:26:47 UTC 2026
Cache sync 54 at Tue Apr 28 01:26:47 UTC 2026
Cache sync 55 at Tue Apr 28 01:26:47 UTC 2026
Cache sync 56 at Tue Apr 28 01:26:47 UTC 2026
Cache sync 57 at Tue Apr 28 01:26:47 UTC 2026
Cache sync 58 at Tue Apr 28 01:26:47 UTC 2026
Cache sync 59 at Tue Apr 28 01:26:47 UTC 2026
Cache sync 60 at Tue Apr 28 01:26:47 UTC 2026
Cache sync 61 at Tue Apr 28 01:26:47 UTC 2026
Cache sync 62 at Tue Apr 28 01:26:47 UTC 2026
Cache sync 63 at Tue Apr 28 01:26:47 UTC 2026
Cache sync 64 at Tue Apr 28 01:26:47 UTC 2026
Cache sync 65 at Tue Apr 28 01:26:47 UTC 2026
Cache sync 66 at Tue Apr 28 01:26:47 UTC 2026
Cache sync 67 at Tue Apr 28 01:26:47 UTC 2026
Cache sync 68 at Tue Apr 28 01:26:47 UTC 2026
Cache sync 69 at Tue Apr 28 01:26:47 UTC 2026
Cache sync 70 at Tue Apr 28 01:26:47 UTC 2026
Cache sync 1 at Wed Apr 29 01:29:16 UTC 2026
Cache sync 2 at Wed Apr 29 01:29:16 UTC 2026
Cache sync 3 at Wed Apr 29 01:29:16 UTC 2026
Cache sync 4 at Wed Apr 29 01:29:16 UTC 2026
Cache sync 5 at Wed Apr 29 01:29:16 UTC 2026
Cache sync 6 at Wed Apr 29 01:29:16 UTC 2026
Cache sync 7 at Wed Apr 29 01:29:16 UTC 2026
Cache sync 8 at Wed Apr 29 01:29:16 UTC 2026
Cache sync 9 at Wed Apr 29 01:29:16 UTC 2026
Cache sync 10 at Wed Apr 29 01:29:16 UTC 2026
Cache sync 11 at Wed Apr 29 01:29:16 UTC 2026
Cache sync 12 at Wed Apr 29 01:29:16 UTC 2026
Cache sync 13 at Wed Apr 29 01:29:16 UTC 2026
Cache sync 14 at Wed Apr 29 01:29:16 UTC 2026
Cache sync 15 at Wed Apr 29 01:29:16 UTC 2026
Cache sync 16 at Wed Apr 29 01:29:16 UTC 2026
Cache sync 17 at Wed Apr 29 01:29:16 UTC 2026
Cache sync 18 at Wed Apr 29 01:29:16 UTC 2026
Cache sync 19 at Wed Apr 29 01:29:16 UTC 2026
Cache sync 20 at Wed Apr 29 01:29:16 UTC 2026
Cache sync 21 at Wed Apr 29 01:29:16 UTC 2026
Cache sync 22 at Wed Apr 29 01:29:16 UTC 2026
Cache sync 23 at Wed Apr 29 01:29:16 UTC 2026
Cache sync 24 at Wed Apr 29 01:29:16 UTC 2026
Cache sync 25 at Wed Apr 29 01:29:16 UTC 2026
Cache sync 26 at Wed Apr 29 01:29:16 UTC 2026
Cache sync 27 at Wed Apr 29 01:29:16 UTC 2026
Cache sync 28 at Wed Apr 29 01:29:16 UTC 2026
Cache sync 29 at Wed Apr 29 01:29:16 UTC 2026
Cache sync 30 at Wed Apr 29 01:29:16 UTC 2026
Cache sync 31 at Wed Apr 29 01:29:16 UTC 2026
Cache sync 32 at Wed Apr 29 01:29:16 UTC 2026
Cache sync 33 at Wed Apr 29 01:29:16 UTC 2026
Cache sync 34 at Wed Apr 29 01:29:16 UTC 2026
Cache sync 35 at Wed Apr 29 01:29:16 UTC 2026
Cache sync 36 at Wed Apr 29 01:29:16 UTC 2026
Cache sync 37 at Wed Apr 29 01:29:16 UTC 2026
Cache sync 38 at Wed Apr 29 01:29:16 UTC 2026
Cache sync 39 at Wed Apr 29 01:29:16 UTC 2026
Cache sync 40 at Wed Apr 29 01:29:16 UTC 2026
Cache sync 41 at Wed Apr 29 01:29:16 UTC 2026
Cache sync 42 at Wed Apr 29 01:29:16 UTC 2026
Cache sync 43 at Wed Apr 29 01:29:16 UTC 2026
Cache sync 44 at Wed Apr 29 01:29:16 UTC 2026
Cache sync 45 at Wed Apr 29 01:29:16 UTC 2026
Cache sync 46 at Wed Apr 29 01:29:16 UTC 2026
Cache sync 47 at Wed Apr 29 01:29:16 UTC 2026
Cache sync 48 at Wed Apr 29 01:29:16 UTC 2026
Cache sync 49 at Wed Apr 29 01:29:16 UTC 2026
Cache sync 50 at Wed Apr 29 01:29:16 UTC 2026
Cache sync 51 at Wed Apr 29 01:29:16 UTC 2026
Cache sync 52 at Wed Apr 29 01:29:16 UTC 2026
Cache sync 53 at Wed Apr 29 01:29:16 UTC 2026
Cache sync 54 at Wed Apr 29 01:29:16 UTC 2026
Cache sync 55 at Wed Apr 29 01:29:16 UTC 2026
Cache sync 56 at Wed Apr 29 01:29:16 UTC 2026
Cache sync 1 at Wed Apr 29 13:14:23 UTC 2026
Cache sync 2 at Wed Apr 29 13:14:23 UTC 2026
Cache sync 3 at Wed Apr 29 13:14:23 UTC 2026
Cache sync 4 at Wed Apr 29 13:14:23 UTC 2026
Cache sync 5 at Wed Apr 29 13:14:23 UTC 2026
Cache sync 6 at Wed Apr 29 13:14:23 UTC 2026
Cache sync 7 at Wed Apr 29 13:14:23 UTC 2026
Cache sync 8 at Wed Apr 29 13:14:23 UTC 2026
Cache sync 9 at Wed Apr 29 13:14:23 UTC 2026
Cache sync 10 at Wed Apr 29 13:14:23 UTC 2026
Cache sync 11 at Wed Apr 29 13:14:23 UTC 2026
Cache sync 12 at Wed Apr 29 13:14:23 UTC 2026
Cache sync 13 at Wed Apr 29 13:14:23 UTC 2026
Cache sync 14 at Wed Apr 29 13:14:23 UTC 2026
Cache sync 15 at Wed Apr 29 13:14:23 UTC 2026
Cache sync 16 at Wed Apr 29 13:14:23 UTC 2026
Cache sync 17 at Wed Apr 29 13:14:23 UTC 2026
Cache sync 18 at Wed Apr 29 13:14:23 UTC 2026
Cache sync 19 at Wed Apr 29 13:14:23 UTC 2026
Cache sync 20 at Wed Apr 29 13:14:23 UTC 2026
Cache sync 21 at Wed Apr 29 13:14:23 UTC 2026
Cache sync 22 at Wed Apr 29 13:14:23 UTC 2026
Cache sync 23 at Wed Apr 29 13:14:23 UTC 2026
Cache sync 24 at Wed Apr 29 13:14:23 UTC 2026
Cache sync 25 at Wed Apr 29 13:14:23 UTC 2026
Cache sync 26 at Wed Apr 29 13:14:23 UTC 2026
Cache sync 27 at Wed Apr 29 13:14:23 UTC 2026
Cache sync 28 at Wed Apr 29 13:14:23 UTC 2026
Cache sync 29 at Wed Apr 29 13:14:23 UTC 2026
Cache sync 30 at Wed Apr 29 13:14:23 UTC 2026
Cache sync 31 at Wed Apr 29 13:14:23 UTC 2026
Cache sync 32 at Wed Apr 29 13:14:23 UTC 2026
Cache sync 33 at Wed Apr 29 13:14:23 UTC 2026
Cache sync 34 at Wed Apr 29 13:14:23 UTC 2026
Cache sync 35 at Wed Apr 29 13:14:23 UTC 2026
Cache sync 36 at Wed Apr 29 13:14:23 UTC 2026
Cache sync 37 at Wed Apr 29 13:14:23 UTC 2026
Cache sync 38 at Wed Apr 29 13:14:23 UTC 2026
Cache sync 39 at Wed Apr 29 13:14:23 UTC 2026
Cache sync 40 at Wed Apr 29 13:14:23 UTC 2026
Cache sync 41 at Wed Apr 29 13:14:23 UTC 2026
Cache sync 42 at Wed Apr 29 13:14:23 UTC 2026
Cache sync 43 at Wed Apr 29 13:14:23 UTC 2026
Cache sync 44 at Wed Apr 29 13:14:23 UTC 2026
Cache sync 45 at Wed Apr 29 13:14:23 UTC 2026
Cache sync 46 at Wed Apr 29 13:14:23 UTC 2026
Cache sync 47 at Wed Apr 29 13:14:23 UTC 2026
Cache sync 48 at Wed Apr 29 13:14:23 UTC 2026
Cache sync 49 at Wed Apr 29 13:14:23 UTC 2026
Cache sync 50 at Wed Apr 29 13:14:23 UTC 2026
Cache sync 51 at Wed Apr 29 13:14:23 UTC 2026
Cache sync 52 at Wed Apr 29 13:14:23 UTC 2026
Cache sync 53 at Wed Apr 29 13:14:23 UTC 2026
Cache sync 54 at Wed Apr 29 13:14:23 UTC 2026
Cache sync 55 at Wed Apr 29 13:14:23 UTC 2026
Cache sync 56 at Wed Apr 29 13:14:23 UTC 2026
Cache sync 57 at Wed Apr 29 13:14:23 UTC 2026
Cache sync 58 at Wed Apr 29 13:14:23 UTC 2026
Cache sync 59 at Wed Apr 29 13:14:23 UTC 2026
Cache sync 60 at Wed Apr 29 13:14:23 UTC 2026
Cache sync 61 at Wed Apr 29 13:14:23 UTC 2026
Cache sync 62 at Wed Apr 29 13:14:23 UTC 2026
Cache sync 1 at Thu Apr 30 01:28:30 UTC 2026
Cache sync 2 at Thu Apr 30 01:28:30 UTC 2026
Cache sync 3 at Thu Apr 30 01:28:30 UTC 2026
Cache sync 4 at Thu Apr 30 01:28:30 UTC 2026
Cache sync 5 at Thu Apr 30 01:28:30 UTC 2026
Cache sync 6 at Thu Apr 30 01:28:30 UTC 2026
Cache sync 7 at Thu Apr 30 01:28:30 UTC 2026
Cache sync 8 at Thu Apr 30 01:28:30 UTC 2026
Cache sync 9 at Thu Apr 30 01:28:30 UTC 2026
Cache sync 10 at Thu Apr 30 01:28:30 UTC 2026
Cache sync 11 at Thu Apr 30 01:28:30 UTC 2026
Cache sync 12 at Thu Apr 30 01:28:30 UTC 2026
Cache sync 13 at Thu Apr 30 01:28:30 UTC 2026
Cache sync 14 at Thu Apr 30 01:28:30 UTC 2026
Cache sync 15 at Thu Apr 30 01:28:30 UTC 2026
Cache sync 16 at Thu Apr 30 01:28:30 UTC 2026
Cache sync 17 at Thu Apr 30 01:28:30 UTC 2026
Cache sync 18 at Thu Apr 30 01:28:30 UTC 2026
Cache sync 19 at Thu Apr 30 01:28:30 UTC 2026
Cache sync 20 at Thu Apr 30 01:28:30 UTC 2026
Cache sync 21 at Thu Apr 30 01:28:30 UTC 2026
Cache sync 22 at Thu Apr 30 01:28:30 UTC 2026
Cache sync 23 at Thu Apr 30 01:28:30 UTC 2026
Cache sync 24 at Thu Apr 30 01:28:30 UTC 2026
Cache sync 25 at Thu Apr 30 01:28:30 UTC 2026
Cache sync 26 at Thu Apr 30 01:28:30 UTC 2026
Cache sync 27 at Thu Apr 30 01:28:30 UTC 2026
Cache sync 28 at Thu Apr 30 01:28:30 UTC 2026
Cache sync 29 at Thu Apr 30 01:28:30 UTC 2026
Cache sync 30 at Thu Apr 30 01:28:30 UTC 2026
Cache sync 31 at Thu Apr 30 01:28:30 UTC 2026
Cache sync 32 at Thu Apr 30 01:28:30 UTC 2026
Cache sync 33 at Thu Apr 30 01:28:30 UTC 2026
Cache sync 34 at Thu Apr 30 01:28:30 UTC 2026
Cache sync 35 at Thu Apr 30 01:28:30 UTC 2026
Cache sync 36 at Thu Apr 30 01:28:30 UTC 2026
Cache sync 37 at Thu Apr 30 01:28:30 UTC 2026
Cache sync 38 at Thu Apr 30 01:28:31 UTC 2026
Cache sync 39 at Thu Apr 30 01:28:31 UTC 2026
Cache sync 40 at Thu Apr 30 01:28:31 UTC 2026
Cache sync 41 at Thu Apr 30 01:28:31 UTC 2026
Cache sync 42 at Thu Apr 30 01:28:31 UTC 2026
Cache sync 43 at Thu Apr 30 01:28:31 UTC 2026
Cache sync 44 at Thu Apr 30 01:28:31 UTC 2026
Cache sync 45 at Thu Apr 30 01:28:31 UTC 2026
Cache sync 46 at Thu Apr 30 01:28:31 UTC 2026
Cache sync 47 at Thu Apr 30 01:28:31 UTC 2026
Cache sync 48 at Thu Apr 30 01:28:31 UTC 2026
Cache sync 49 at Thu Apr 30 01:28:31 UTC 2026
Cache sync 50 at Thu Apr 30 01:28:31 UTC 2026
Cache sync 51 at Thu Apr 30 01:28:31 UTC 2026
Cache sync 52 at Thu Apr 30 01:28:31 UTC 2026
Cache sync 53 at Thu Apr 30 01:28:31 UTC 2026
Cache sync 54 at Thu Apr 30 01:28:31 UTC 2026
Cache sync 1 at Thu Apr 30 13:13:42 UTC 2026
Cache sync 1 at Fri May  1 01:31:10 UTC 2026
Cache sync 2 at Fri May  1 01:31:10 UTC 2026
Cache sync 3 at Fri May  1 01:31:10 UTC 2026
Cache sync 4 at Fri May  1 01:31:10 UTC 2026
Cache sync 5 at Fri May  1 01:31:10 UTC 2026
Cache sync 6 at Fri May  1 01:31:10 UTC 2026
Cache sync 7 at Fri May  1 01:31:10 UTC 2026
Cache sync 8 at Fri May  1 01:31:10 UTC 2026
Cache sync 9 at Fri May  1 01:31:10 UTC 2026
Cache sync 10 at Fri May  1 01:31:10 UTC 2026
Cache sync 11 at Fri May  1 01:31:10 UTC 2026
Cache sync 12 at Fri May  1 01:31:10 UTC 2026
Cache sync 13 at Fri May  1 01:31:10 UTC 2026
Cache sync 14 at Fri May  1 01:31:10 UTC 2026
Cache sync 15 at Fri May  1 01:31:10 UTC 2026
Cache sync 16 at Fri May  1 01:31:10 UTC 2026
Cache sync 17 at Fri May  1 01:31:10 UTC 2026
Cache sync 18 at Fri May  1 01:31:10 UTC 2026
Cache sync 19 at Fri May  1 01:31:10 UTC 2026
Cache sync 20 at Fri May  1 01:31:10 UTC 2026
Cache sync 21 at Fri May  1 01:31:10 UTC 2026
Cache sync 1 at Fri May  1 12:46:19 UTC 2026
Cache sync 2 at Fri May  1 12:46:19 UTC 2026
Cache sync 3 at Fri May  1 12:46:19 UTC 2026
Cache sync 4 at Fri May  1 12:46:19 UTC 2026
Cache sync 5 at Fri May  1 12:46:19 UTC 2026
Cache sync 6 at Fri May  1 12:46:19 UTC 2026
Cache sync 7 at Fri May  1 12:46:19 UTC 2026
Cache sync 8 at Fri May  1 12:46:19 UTC 2026
Cache sync 9 at Fri May  1 12:46:19 UTC 2026
Cache sync 10 at Fri May  1 12:46:19 UTC 2026
Cache sync 11 at Fri May  1 12:46:19 UTC 2026
Cache sync 12 at Fri May  1 12:46:19 UTC 2026
Cache sync 13 at Fri May  1 12:46:19 UTC 2026
Cache sync 14 at Fri May  1 12:46:19 UTC 2026
Cache sync 15 at Fri May  1 12:46:19 UTC 2026
Cache sync 16 at Fri May  1 12:46:19 UTC 2026
Cache sync 17 at Fri May  1 12:46:19 UTC 2026
Cache sync 18 at Fri May  1 12:46:19 UTC 2026
Cache sync 19 at Fri May  1 12:46:19 UTC 2026
Cache sync 20 at Fri May  1 12:46:19 UTC 2026
Cache sync 21 at Fri May  1 12:46:19 UTC 2026
Cache sync 22 at Fri May  1 12:46:19 UTC 2026
Cache sync 23 at Fri May  1 12:46:19 UTC 2026
Cache sync 24 at Fri May  1 12:46:19 UTC 2026
Cache sync 25 at Fri May  1 12:46:19 UTC 2026
Cache sync 26 at Fri May  1 12:46:19 UTC 2026
Cache sync 27 at Fri May  1 12:46:19 UTC 2026
Cache sync 28 at Fri May  1 12:46:19 UTC 2026
Cache sync 29 at Fri May  1 12:46:19 UTC 2026
Cache sync 30 at Fri May  1 12:46:19 UTC 2026
Cache sync 31 at Fri May  1 12:46:19 UTC 2026
Cache sync 32 at Fri May  1 12:46:19 UTC 2026
Cache sync 33 at Fri May  1 12:46:19 UTC 2026
Cache sync 34 at Fri May  1 12:46:19 UTC 2026
Cache sync 35 at Fri May  1 12:46:19 UTC 2026
Cache sync 36 at Fri May  1 12:46:19 UTC 2026
Cache sync 37 at Fri May  1 12:46:19 UTC 2026
Cache sync 38 at Fri May  1 12:46:19 UTC 2026
Cache sync 39 at Fri May  1 12:46:19 UTC 2026
Cache sync 40 at Fri May  1 12:46:19 UTC 2026
Cache sync 41 at Fri May  1 12:46:19 UTC 2026
Cache sync 42 at Fri May  1 12:46:19 UTC 2026
Cache sync 43 at Fri May  1 12:46:19 UTC 2026
Cache sync 44 at Fri May  1 12:46:19 UTC 2026
Cache sync 45 at Fri May  1 12:46:19 UTC 2026
Cache sync 46 at Fri May  1 12:46:19 UTC 2026
Cache sync 47 at Fri May  1 12:46:19 UTC 2026
Cache sync 48 at Fri May  1 12:46:19 UTC 2026
Cache sync 49 at Fri May  1 12:46:19 UTC 2026
Cache sync 50 at Fri May  1 12:46:19 UTC 2026
Cache sync 51 at Fri May  1 12:46:19 UTC 2026
Cache sync 52 at Fri May  1 12:46:19 UTC 2026
Cache sync 53 at Fri May  1 12:46:19 UTC 2026
Cache sync 54 at Fri May  1 12:46:19 UTC 2026
Cache sync 55 at Fri May  1 12:46:19 UTC 2026
Cache sync 56 at Fri May  1 12:46:19 UTC 2026
Cache sync 57 at Fri May  1 12:46:19 UTC 2026
Cache sync 58 at Fri May  1 12:46:19 UTC 2026
Cache sync 59 at Fri May  1 12:46:19 UTC 2026
Cache sync 60 at Fri May  1 12:46:19 UTC 2026
Cache sync 61 at Fri May  1 12:46:19 UTC 2026
Cache sync 62 at Fri May  1 12:46:19 UTC 2026
Cache sync 63 at Fri May  1 12:46:19 UTC 2026
Cache sync 64 at Fri May  1 12:46:19 UTC 2026
Cache sync 65 at Fri May  1 12:46:19 UTC 2026
Cache sync 66 at Fri May  1 12:46:19 UTC 2026
Cache sync 67 at Fri May  1 12:46:19 UTC 2026
Cache sync 68 at Fri May  1 12:46:19 UTC 2026
Cache sync 69 at Fri May  1 12:46:19 UTC 2026
Cache sync 70 at Fri May  1 12:46:19 UTC 2026
Cache sync 71 at Fri May  1 12:46:19 UTC 2026
Cache sync 72 at Fri May  1 12:46:19 UTC 2026
Cache sync 73 at Fri May  1 12:46:19 UTC 2026
Cache sync 74 at Fri May  1 12:46:19 UTC 2026
Cache sync 75 at Fri May  1 12:46:19 UTC 2026
Cache sync 76 at Fri May  1 12:46:19 UTC 2026
Cache sync 77 at Fri May  1 12:46:19 UTC 2026
Cache sync 78 at Fri May  1 12:46:19 UTC 2026
Cache sync 79 at Fri May  1 12:46:19 UTC 2026
Cache sync 80 at Fri May  1 12:46:19 UTC 2026
Cache sync 81 at Fri May  1 12:46:19 UTC 2026
Cache sync 82 at Fri May  1 12:46:19 UTC 2026
Cache sync 83 at Fri May  1 12:46:19 UTC 2026
Cache sync 1 at Sat May  2 01:21:55 UTC 2026
Cache sync 2 at Sat May  2 01:21:55 UTC 2026
Cache sync 3 at Sat May  2 01:21:55 UTC 2026
Cache sync 4 at Sat May  2 01:21:55 UTC 2026
Cache sync 5 at Sat May  2 01:21:55 UTC 2026
Cache sync 6 at Sat May  2 01:21:55 UTC 2026
Cache sync 7 at Sat May  2 01:21:55 UTC 2026
Cache sync 8 at Sat May  2 01:21:55 UTC 2026
Cache sync 9 at Sat May  2 01:21:55 UTC 2026
Cache sync 10 at Sat May  2 01:21:55 UTC 2026
Cache sync 11 at Sat May  2 01:21:55 UTC 2026
Cache sync 12 at Sat May  2 01:21:55 UTC 2026
Cache sync 13 at Sat May  2 01:21:55 UTC 2026
Cache sync 14 at Sat May  2 01:21:55 UTC 2026
Cache sync 15 at Sat May  2 01:21:55 UTC 2026
Cache sync 16 at Sat May  2 01:21:55 UTC 2026
Cache sync 17 at Sat May  2 01:21:55 UTC 2026
Cache sync 18 at Sat May  2 01:21:55 UTC 2026
Cache sync 19 at Sat May  2 01:21:55 UTC 2026
Cache sync 20 at Sat May  2 01:21:55 UTC 2026
Cache sync 21 at Sat May  2 01:21:55 UTC 2026
Cache sync 22 at Sat May  2 01:21:55 UTC 2026
Cache sync 23 at Sat May  2 01:21:55 UTC 2026
Cache sync 24 at Sat May  2 01:21:55 UTC 2026
Cache sync 25 at Sat May  2 01:21:55 UTC 2026
Cache sync 26 at Sat May  2 01:21:55 UTC 2026
Cache sync 27 at Sat May  2 01:21:55 UTC 2026
Cache sync 28 at Sat May  2 01:21:55 UTC 2026
Cache sync 29 at Sat May  2 01:21:55 UTC 2026
Cache sync 30 at Sat May  2 01:21:56 UTC 2026
Cache sync 31 at Sat May  2 01:21:56 UTC 2026
Cache sync 32 at Sat May  2 01:21:56 UTC 2026
Cache sync 33 at Sat May  2 01:21:56 UTC 2026
Cache sync 34 at Sat May  2 01:21:56 UTC 2026
Cache sync 35 at Sat May  2 01:21:56 UTC 2026
Cache sync 36 at Sat May  2 01:21:56 UTC 2026
Cache sync 37 at Sat May  2 01:21:56 UTC 2026
Cache sync 38 at Sat May  2 01:21:56 UTC 2026
Cache sync 39 at Sat May  2 01:21:56 UTC 2026
Cache sync 40 at Sat May  2 01:21:56 UTC 2026
Cache sync 41 at Sat May  2 01:21:56 UTC 2026
Cache sync 42 at Sat May  2 01:21:56 UTC 2026
Cache sync 43 at Sat May  2 01:21:56 UTC 2026
Cache sync 44 at Sat May  2 01:21:56 UTC 2026
Cache sync 45 at Sat May  2 01:21:56 UTC 2026
Cache sync 46 at Sat May  2 01:21:56 UTC 2026
Cache sync 1 at Sat May  2 12:39:03 UTC 2026
Cache sync 2 at Sat May  2 12:39:03 UTC 2026
Cache sync 3 at Sat May  2 12:39:03 UTC 2026
Cache sync 4 at Sat May  2 12:39:03 UTC 2026
Cache sync 5 at Sat May  2 12:39:03 UTC 2026
Cache sync 6 at Sat May  2 12:39:03 UTC 2026
Cache sync 7 at Sat May  2 12:39:03 UTC 2026
Cache sync 8 at Sat May  2 12:39:03 UTC 2026
Cache sync 9 at Sat May  2 12:39:03 UTC 2026
Cache sync 10 at Sat May  2 12:39:04 UTC 2026
Cache sync 11 at Sat May  2 12:39:04 UTC 2026
Cache sync 12 at Sat May  2 12:39:04 UTC 2026
Cache sync 13 at Sat May  2 12:39:04 UTC 2026
Cache sync 14 at Sat May  2 12:39:04 UTC 2026
Cache sync 15 at Sat May  2 12:39:04 UTC 2026
Cache sync 16 at Sat May  2 12:39:04 UTC 2026
Cache sync 17 at Sat May  2 12:39:04 UTC 2026
Cache sync 18 at Sat May  2 12:39:04 UTC 2026
Cache sync 19 at Sat May  2 12:39:04 UTC 2026
Cache sync 20 at Sat May  2 12:39:04 UTC 2026
Cache sync 21 at Sat May  2 12:39:04 UTC 2026
Cache sync 22 at Sat May  2 12:39:04 UTC 2026
Cache sync 23 at Sat May  2 12:39:04 UTC 2026
Cache sync 24 at Sat May  2 12:39:04 UTC 2026
Cache sync 25 at Sat May  2 12:39:04 UTC 2026
Cache sync 26 at Sat May  2 12:39:04 UTC 2026
Cache sync 27 at Sat May  2 12:39:04 UTC 2026
Cache sync 28 at Sat May  2 12:39:04 UTC 2026
Cache sync 29 at Sat May  2 12:39:04 UTC 2026
Cache sync 30 at Sat May  2 12:39:04 UTC 2026
Cache sync 31 at Sat May  2 12:39:04 UTC 2026
Cache sync 32 at Sat May  2 12:39:04 UTC 2026
Cache sync 33 at Sat May  2 12:39:04 UTC 2026
Cache sync 34 at Sat May  2 12:39:04 UTC 2026
Cache sync 35 at Sat May  2 12:39:04 UTC 2026
Cache sync 36 at Sat May  2 12:39:04 UTC 2026
Cache sync 37 at Sat May  2 12:39:04 UTC 2026
Cache sync 38 at Sat May  2 12:39:04 UTC 2026
Cache sync 39 at Sat May  2 12:39:04 UTC 2026
Cache sync 40 at Sat May  2 12:39:04 UTC 2026
Cache sync 41 at Sat May  2 12:39:04 UTC 2026
Cache sync 42 at Sat May  2 12:39:04 UTC 2026
Cache sync 43 at Sat May  2 12:39:04 UTC 2026
Cache sync 44 at Sat May  2 12:39:04 UTC 2026
Cache sync 45 at Sat May  2 12:39:04 UTC 2026
Cache sync 46 at Sat May  2 12:39:04 UTC 2026
Cache sync 47 at Sat May  2 12:39:04 UTC 2026
Cache sync 48 at Sat May  2 12:39:04 UTC 2026
Cache sync 49 at Sat May  2 12:39:04 UTC 2026
Cache sync 50 at Sat May  2 12:39:04 UTC 2026
Cache sync 51 at Sat May  2 12:39:04 UTC 2026
Cache sync 52 at Sat May  2 12:39:04 UTC 2026
Cache sync 53 at Sat May  2 12:39:04 UTC 2026
Cache sync 54 at Sat May  2 12:39:04 UTC 2026
Cache sync 55 at Sat May  2 12:39:04 UTC 2026
Cache sync 56 at Sat May  2 12:39:04 UTC 2026
Cache sync 57 at Sat May  2 12:39:04 UTC 2026
Cache sync 58 at Sat May  2 12:39:04 UTC 2026
Cache sync 59 at Sat May  2 12:39:04 UTC 2026
Cache sync 60 at Sat May  2 12:39:04 UTC 2026
Cache sync 1 at Sun May  3 01:25:27 UTC 2026
Cache sync 2 at Sun May  3 01:25:27 UTC 2026
Cache sync 3 at Sun May  3 01:25:27 UTC 2026
Cache sync 4 at Sun May  3 01:25:27 UTC 2026
Cache sync 5 at Sun May  3 01:25:27 UTC 2026
Cache sync 6 at Sun May  3 01:25:27 UTC 2026
Cache sync 7 at Sun May  3 01:25:27 UTC 2026
Cache sync 8 at Sun May  3 01:25:27 UTC 2026
Cache sync 9 at Sun May  3 01:25:27 UTC 2026
Cache sync 10 at Sun May  3 01:25:27 UTC 2026
Cache sync 11 at Sun May  3 01:25:27 UTC 2026
Cache sync 12 at Sun May  3 01:25:27 UTC 2026
Cache sync 13 at Sun May  3 01:25:27 UTC 2026
Cache sync 14 at Sun May  3 01:25:27 UTC 2026
Cache sync 15 at Sun May  3 01:25:27 UTC 2026
Cache sync 16 at Sun May  3 01:25:27 UTC 2026
Cache sync 17 at Sun May  3 01:25:27 UTC 2026
Cache sync 18 at Sun May  3 01:25:27 UTC 2026
Cache sync 19 at Sun May  3 01:25:27 UTC 2026
Cache sync 20 at Sun May  3 01:25:27 UTC 2026
Cache sync 21 at Sun May  3 01:25:27 UTC 2026
Cache sync 22 at Sun May  3 01:25:27 UTC 2026
Cache sync 23 at Sun May  3 01:25:27 UTC 2026
Cache sync 24 at Sun May  3 01:25:27 UTC 2026
Cache sync 25 at Sun May  3 01:25:27 UTC 2026
Cache sync 26 at Sun May  3 01:25:27 UTC 2026
Cache sync 27 at Sun May  3 01:25:27 UTC 2026
Cache sync 28 at Sun May  3 01:25:27 UTC 2026
Cache sync 29 at Sun May  3 01:25:27 UTC 2026
Cache sync 30 at Sun May  3 01:25:27 UTC 2026
Cache sync 31 at Sun May  3 01:25:27 UTC 2026
Cache sync 32 at Sun May  3 01:25:27 UTC 2026
Cache sync 33 at Sun May  3 01:25:27 UTC 2026
Cache sync 34 at Sun May  3 01:25:27 UTC 2026
Cache sync 35 at Sun May  3 01:25:27 UTC 2026
Cache sync 36 at Sun May  3 01:25:27 UTC 2026
Cache sync 37 at Sun May  3 01:25:27 UTC 2026
Cache sync 38 at Sun May  3 01:25:27 UTC 2026
Cache sync 39 at Sun May  3 01:25:27 UTC 2026
Cache sync 40 at Sun May  3 01:25:27 UTC 2026
Cache sync 41 at Sun May  3 01:25:27 UTC 2026
Cache sync 42 at Sun May  3 01:25:27 UTC 2026
Cache sync 43 at Sun May  3 01:25:27 UTC 2026
Cache sync 44 at Sun May  3 01:25:27 UTC 2026
Cache sync 45 at Sun May  3 01:25:27 UTC 2026
Cache sync 46 at Sun May  3 01:25:27 UTC 2026
Cache sync 47 at Sun May  3 01:25:27 UTC 2026
Cache sync 48 at Sun May  3 01:25:27 UTC 2026
Cache sync 49 at Sun May  3 01:25:27 UTC 2026
Cache sync 1 at Sun May  3 12:37:55 UTC 2026
Cache sync 2 at Sun May  3 12:37:55 UTC 2026
Cache sync 3 at Sun May  3 12:37:55 UTC 2026
Cache sync 4 at Sun May  3 12:37:55 UTC 2026
Cache sync 5 at Sun May  3 12:37:55 UTC 2026
Cache sync 6 at Sun May  3 12:37:55 UTC 2026
Cache sync 7 at Sun May  3 12:37:55 UTC 2026
Cache sync 8 at Sun May  3 12:37:55 UTC 2026
Cache sync 9 at Sun May  3 12:37:55 UTC 2026
Cache sync 10 at Sun May  3 12:37:55 UTC 2026
Cache sync 11 at Sun May  3 12:37:55 UTC 2026
Cache sync 12 at Sun May  3 12:37:56 UTC 2026
Cache sync 13 at Sun May  3 12:37:56 UTC 2026
Cache sync 14 at Sun May  3 12:37:56 UTC 2026
Cache sync 1 at Mon May  4 01:24:42 UTC 2026
Cache sync 2 at Mon May  4 01:24:42 UTC 2026
Cache sync 3 at Mon May  4 01:24:42 UTC 2026
Cache sync 4 at Mon May  4 01:24:42 UTC 2026
Cache sync 5 at Mon May  4 01:24:42 UTC 2026
Cache sync 6 at Mon May  4 01:24:42 UTC 2026
Cache sync 7 at Mon May  4 01:24:42 UTC 2026
Cache sync 8 at Mon May  4 01:24:42 UTC 2026
Cache sync 9 at Mon May  4 01:24:42 UTC 2026
Cache sync 10 at Mon May  4 01:24:42 UTC 2026
Cache sync 11 at Mon May  4 01:24:42 UTC 2026
Cache sync 12 at Mon May  4 01:24:42 UTC 2026
Cache sync 13 at Mon May  4 01:24:42 UTC 2026
Cache sync 14 at Mon May  4 01:24:42 UTC 2026
Cache sync 15 at Mon May  4 01:24:42 UTC 2026
Cache sync 16 at Mon May  4 01:24:42 UTC 2026
Cache sync 17 at Mon May  4 01:24:42 UTC 2026
Cache sync 18 at Mon May  4 01:24:42 UTC 2026
Cache sync 19 at Mon May  4 01:24:42 UTC 2026
Cache sync 20 at Mon May  4 01:24:42 UTC 2026
Cache sync 21 at Mon May  4 01:24:42 UTC 2026
Cache sync 22 at Mon May  4 01:24:42 UTC 2026
Cache sync 23 at Mon May  4 01:24:42 UTC 2026
Cache sync 24 at Mon May  4 01:24:42 UTC 2026
Cache sync 25 at Mon May  4 01:24:42 UTC 2026
Cache sync 26 at Mon May  4 01:24:42 UTC 2026
Cache sync 27 at Mon May  4 01:24:42 UTC 2026
Cache sync 28 at Mon May  4 01:24:42 UTC 2026
Cache sync 29 at Mon May  4 01:24:42 UTC 2026
Cache sync 30 at Mon May  4 01:24:42 UTC 2026
Cache sync 31 at Mon May  4 01:24:42 UTC 2026
Cache sync 32 at Mon May  4 01:24:42 UTC 2026
Cache sync 33 at Mon May  4 01:24:42 UTC 2026
Cache sync 34 at Mon May  4 01:24:42 UTC 2026
Cache sync 35 at Mon May  4 01:24:42 UTC 2026
Cache sync 36 at Mon May  4 01:24:42 UTC 2026
Cache sync 37 at Mon May  4 01:24:42 UTC 2026
Cache sync 38 at Mon May  4 01:24:42 UTC 2026
Cache sync 39 at Mon May  4 01:24:42 UTC 2026
Cache sync 40 at Mon May  4 01:24:42 UTC 2026
Cache sync 41 at Mon May  4 01:24:42 UTC 2026
Cache sync 42 at Mon May  4 01:24:42 UTC 2026
Cache sync 43 at Mon May  4 01:24:42 UTC 2026
Cache sync 44 at Mon May  4 01:24:42 UTC 2026
Cache sync 45 at Mon May  4 01:24:42 UTC 2026
Cache sync 46 at Mon May  4 01:24:42 UTC 2026
Cache sync 47 at Mon May  4 01:24:42 UTC 2026
Cache sync 48 at Mon May  4 01:24:42 UTC 2026
Cache sync 49 at Mon May  4 01:24:42 UTC 2026
Cache sync 50 at Mon May  4 01:24:42 UTC 2026
Cache sync 51 at Mon May  4 01:24:42 UTC 2026
Cache sync 52 at Mon May  4 01:24:42 UTC 2026
Cache sync 53 at Mon May  4 01:24:42 UTC 2026
Cache sync 54 at Mon May  4 01:24:42 UTC 2026
Cache sync 55 at Mon May  4 01:24:43 UTC 2026
Cache sync 56 at Mon May  4 01:24:43 UTC 2026
Cache sync 57 at Mon May  4 01:24:43 UTC 2026
Cache sync 58 at Mon May  4 01:24:43 UTC 2026
Cache sync 59 at Mon May  4 01:24:43 UTC 2026
Cache sync 60 at Mon May  4 01:24:43 UTC 2026
Cache sync 61 at Mon May  4 01:24:43 UTC 2026
Cache sync 62 at Mon May  4 01:24:43 UTC 2026
Cache sync 63 at Mon May  4 01:24:43 UTC 2026
Cache sync 1 at Mon May  4 13:16:10 UTC 2026
Cache sync 2 at Mon May  4 13:16:10 UTC 2026
Cache sync 3 at Mon May  4 13:16:10 UTC 2026
Cache sync 4 at Mon May  4 13:16:10 UTC 2026
Cache sync 5 at Mon May  4 13:16:10 UTC 2026
Cache sync 6 at Mon May  4 13:16:10 UTC 2026
Cache sync 7 at Mon May  4 13:16:10 UTC 2026
Cache sync 8 at Mon May  4 13:16:10 UTC 2026
Cache sync 9 at Mon May  4 13:16:10 UTC 2026
Cache sync 10 at Mon May  4 13:16:10 UTC 2026
Cache sync 11 at Mon May  4 13:16:10 UTC 2026
Cache sync 12 at Mon May  4 13:16:10 UTC 2026
Cache sync 13 at Mon May  4 13:16:10 UTC 2026
Cache sync 14 at Mon May  4 13:16:10 UTC 2026
Cache sync 15 at Mon May  4 13:16:10 UTC 2026
Cache sync 16 at Mon May  4 13:16:10 UTC 2026
Cache sync 17 at Mon May  4 13:16:10 UTC 2026
Cache sync 18 at Mon May  4 13:16:10 UTC 2026
Cache sync 19 at Mon May  4 13:16:10 UTC 2026
Cache sync 20 at Mon May  4 13:16:10 UTC 2026
Cache sync 1 at Tue May  5 01:24:04 UTC 2026
Cache sync 2 at Tue May  5 01:24:04 UTC 2026
Cache sync 3 at Tue May  5 01:24:04 UTC 2026
Cache sync 4 at Tue May  5 01:24:04 UTC 2026
Cache sync 5 at Tue May  5 01:24:04 UTC 2026
Cache sync 6 at Tue May  5 01:24:04 UTC 2026
Cache sync 7 at Tue May  5 01:24:04 UTC 2026
Cache sync 8 at Tue May  5 01:24:04 UTC 2026
Cache sync 9 at Tue May  5 01:24:04 UTC 2026
Cache sync 10 at Tue May  5 01:24:04 UTC 2026
Cache sync 11 at Tue May  5 01:24:04 UTC 2026
Cache sync 12 at Tue May  5 01:24:04 UTC 2026
Cache sync 13 at Tue May  5 01:24:04 UTC 2026
Cache sync 14 at Tue May  5 01:24:04 UTC 2026
Cache sync 15 at Tue May  5 01:24:04 UTC 2026
Cache sync 16 at Tue May  5 01:24:04 UTC 2026
Cache sync 17 at Tue May  5 01:24:04 UTC 2026
Cache sync 18 at Tue May  5 01:24:04 UTC 2026
Cache sync 19 at Tue May  5 01:24:04 UTC 2026
Cache sync 20 at Tue May  5 01:24:04 UTC 2026
Cache sync 21 at Tue May  5 01:24:04 UTC 2026
Cache sync 22 at Tue May  5 01:24:04 UTC 2026
Cache sync 23 at Tue May  5 01:24:04 UTC 2026
Cache sync 24 at Tue May  5 01:24:04 UTC 2026
Cache sync 25 at Tue May  5 01:24:04 UTC 2026
Cache sync 26 at Tue May  5 01:24:04 UTC 2026
Cache sync 27 at Tue May  5 01:24:04 UTC 2026
Cache sync 28 at Tue May  5 01:24:04 UTC 2026
Cache sync 29 at Tue May  5 01:24:04 UTC 2026
Cache sync 30 at Tue May  5 01:24:04 UTC 2026
Cache sync 31 at Tue May  5 01:24:04 UTC 2026
Cache sync 32 at Tue May  5 01:24:04 UTC 2026
Cache sync 33 at Tue May  5 01:24:04 UTC 2026
Cache sync 34 at Tue May  5 01:24:04 UTC 2026
Cache sync 35 at Tue May  5 01:24:04 UTC 2026
Cache sync 36 at Tue May  5 01:24:04 UTC 2026
Cache sync 37 at Tue May  5 01:24:04 UTC 2026
Cache sync 38 at Tue May  5 01:24:04 UTC 2026
Cache sync 39 at Tue May  5 01:24:04 UTC 2026
Cache sync 40 at Tue May  5 01:24:04 UTC 2026
Cache sync 41 at Tue May  5 01:24:04 UTC 2026
Cache sync 42 at Tue May  5 01:24:04 UTC 2026
Cache sync 43 at Tue May  5 01:24:04 UTC 2026
Cache sync 44 at Tue May  5 01:24:04 UTC 2026
Cache sync 45 at Tue May  5 01:24:04 UTC 2026
Cache sync 46 at Tue May  5 01:24:04 UTC 2026
Cache sync 47 at Tue May  5 01:24:04 UTC 2026
Cache sync 48 at Tue May  5 01:24:04 UTC 2026
Cache sync 49 at Tue May  5 01:24:04 UTC 2026
Cache sync 50 at Tue May  5 01:24:04 UTC 2026
Cache sync 51 at Tue May  5 01:24:04 UTC 2026
Cache sync 52 at Tue May  5 01:24:04 UTC 2026
Cache sync 53 at Tue May  5 01:24:04 UTC 2026
Cache sync 54 at Tue May  5 01:24:04 UTC 2026
Cache sync 55 at Tue May  5 01:24:04 UTC 2026
Cache sync 56 at Tue May  5 01:24:04 UTC 2026
Cache sync 57 at Tue May  5 01:24:04 UTC 2026
Cache sync 58 at Tue May  5 01:24:04 UTC 2026
Cache sync 59 at Tue May  5 01:24:04 UTC 2026
Cache sync 60 at Tue May  5 01:24:04 UTC 2026
Cache sync 61 at Tue May  5 01:24:04 UTC 2026
Cache sync 62 at Tue May  5 01:24:04 UTC 2026
Cache sync 63 at Tue May  5 01:24:04 UTC 2026
Cache sync 64 at Tue May  5 01:24:04 UTC 2026
Cache sync 65 at Tue May  5 01:24:04 UTC 2026
Cache sync 66 at Tue May  5 01:24:04 UTC 2026
Cache sync 67 at Tue May  5 01:24:04 UTC 2026
Cache sync 68 at Tue May  5 01:24:04 UTC 2026
Cache sync 69 at Tue May  5 01:24:04 UTC 2026
Cache sync 70 at Tue May  5 01:24:04 UTC 2026
Cache sync 71 at Tue May  5 01:24:04 UTC 2026
Cache sync 72 at Tue May  5 01:24:04 UTC 2026
Cache sync 73 at Tue May  5 01:24:04 UTC 2026
Cache sync 1 at Tue May  5 13:02:17 UTC 2026
Cache sync 2 at Tue May  5 13:02:17 UTC 2026
Cache sync 3 at Tue May  5 13:02:17 UTC 2026
Cache sync 4 at Tue May  5 13:02:17 UTC 2026
Cache sync 5 at Tue May  5 13:02:17 UTC 2026
Cache sync 6 at Tue May  5 13:02:17 UTC 2026
Cache sync 1 at Wed May  6 13:22:35 UTC 2026
Cache sync 2 at Wed May  6 13:22:35 UTC 2026
Cache sync 3 at Wed May  6 13:22:35 UTC 2026
Cache sync 4 at Wed May  6 13:22:35 UTC 2026
Cache sync 5 at Wed May  6 13:22:35 UTC 2026
Cache sync 6 at Wed May  6 13:22:35 UTC 2026
Cache sync 7 at Wed May  6 13:22:35 UTC 2026
Cache sync 1 at Thu May  7 01:27:45 UTC 2026
Cache sync 2 at Thu May  7 01:27:45 UTC 2026
Cache sync 3 at Thu May  7 01:27:45 UTC 2026
Cache sync 4 at Thu May  7 01:27:45 UTC 2026
Cache sync 5 at Thu May  7 01:27:45 UTC 2026
Cache sync 6 at Thu May  7 01:27:45 UTC 2026
Cache sync 7 at Thu May  7 01:27:45 UTC 2026
Cache sync 8 at Thu May  7 01:27:45 UTC 2026
Cache sync 9 at Thu May  7 01:27:45 UTC 2026
Cache sync 10 at Thu May  7 01:27:45 UTC 2026
Cache sync 11 at Thu May  7 01:27:45 UTC 2026
Cache sync 12 at Thu May  7 01:27:45 UTC 2026
Cache sync 13 at Thu May  7 01:27:45 UTC 2026
Cache sync 14 at Thu May  7 01:27:45 UTC 2026
Cache sync 15 at Thu May  7 01:27:45 UTC 2026
Cache sync 16 at Thu May  7 01:27:45 UTC 2026
Cache sync 17 at Thu May  7 01:27:45 UTC 2026
Cache sync 18 at Thu May  7 01:27:45 UTC 2026
Cache sync 19 at Thu May  7 01:27:45 UTC 2026
Cache sync 20 at Thu May  7 01:27:45 UTC 2026
Cache sync 21 at Thu May  7 01:27:45 UTC 2026
Cache sync 22 at Thu May  7 01:27:45 UTC 2026
Cache sync 23 at Thu May  7 01:27:45 UTC 2026
Cache sync 24 at Thu May  7 01:27:45 UTC 2026
Cache sync 25 at Thu May  7 01:27:45 UTC 2026
Cache sync 26 at Thu May  7 01:27:45 UTC 2026
Cache sync 27 at Thu May  7 01:27:45 UTC 2026
Cache sync 28 at Thu May  7 01:27:45 UTC 2026
Cache sync 29 at Thu May  7 01:27:45 UTC 2026
Cache sync 30 at Thu May  7 01:27:45 UTC 2026
Cache sync 31 at Thu May  7 01:27:45 UTC 2026
Cache sync 32 at Thu May  7 01:27:45 UTC 2026
Cache sync 33 at Thu May  7 01:27:45 UTC 2026
Cache sync 34 at Thu May  7 01:27:45 UTC 2026
Cache sync 35 at Thu May  7 01:27:45 UTC 2026
Cache sync 36 at Thu May  7 01:27:45 UTC 2026
Cache sync 37 at Thu May  7 01:27:45 UTC 2026
Cache sync 38 at Thu May  7 01:27:45 UTC 2026
Cache sync 39 at Thu May  7 01:27:45 UTC 2026
Cache sync 40 at Thu May  7 01:27:45 UTC 2026
Cache sync 41 at Thu May  7 01:27:45 UTC 2026
Cache sync 42 at Thu May  7 01:27:45 UTC 2026
Cache sync 43 at Thu May  7 01:27:45 UTC 2026
Cache sync 44 at Thu May  7 01:27:45 UTC 2026
Cache sync 45 at Thu May  7 01:27:45 UTC 2026
Cache sync 46 at Thu May  7 01:27:45 UTC 2026
Cache sync 47 at Thu May  7 01:27:45 UTC 2026
Cache sync 48 at Thu May  7 01:27:45 UTC 2026
Cache sync 49 at Thu May  7 01:27:45 UTC 2026
Cache sync 50 at Thu May  7 01:27:45 UTC 2026
Cache sync 51 at Thu May  7 01:27:45 UTC 2026
Cache sync 52 at Thu May  7 01:27:45 UTC 2026
Cache sync 53 at Thu May  7 01:27:45 UTC 2026
Cache sync 54 at Thu May  7 01:27:45 UTC 2026
Cache sync 55 at Thu May  7 01:27:45 UTC 2026
Cache sync 56 at Thu May  7 01:27:45 UTC 2026
Cache sync 57 at Thu May  7 01:27:45 UTC 2026
Cache sync 58 at Thu May  7 01:27:45 UTC 2026
Cache sync 59 at Thu May  7 01:27:45 UTC 2026
Cache sync 60 at Thu May  7 01:27:46 UTC 2026
Cache sync 61 at Thu May  7 01:27:46 UTC 2026
Cache sync 62 at Thu May  7 01:27:46 UTC 2026
Cache sync 63 at Thu May  7 01:27:46 UTC 2026
Cache sync 64 at Thu May  7 01:27:46 UTC 2026
Cache sync 65 at Thu May  7 01:27:46 UTC 2026
Cache sync 66 at Thu May  7 01:27:46 UTC 2026
Cache sync 67 at Thu May  7 01:27:46 UTC 2026
Cache sync 68 at Thu May  7 01:27:46 UTC 2026
Cache sync 69 at Thu May  7 01:27:46 UTC 2026
Cache sync 70 at Thu May  7 01:27:46 UTC 2026
Cache sync 71 at Thu May  7 01:27:46 UTC 2026
Cache sync 72 at Thu May  7 01:27:46 UTC 2026
Cache sync 73 at Thu May  7 01:27:46 UTC 2026
Cache sync 74 at Thu May  7 01:27:46 UTC 2026
Cache sync 75 at Thu May  7 01:27:46 UTC 2026
Cache sync 76 at Thu May  7 01:27:46 UTC 2026
Cache sync 1 at Thu May  7 13:22:32 UTC 2026
Cache sync 2 at Thu May  7 13:22:32 UTC 2026
Cache sync 3 at Thu May  7 13:22:32 UTC 2026
Cache sync 4 at Thu May  7 13:22:32 UTC 2026
Cache sync 5 at Thu May  7 13:22:32 UTC 2026
Cache sync 6 at Thu May  7 13:22:32 UTC 2026
Cache sync 7 at Thu May  7 13:22:32 UTC 2026
Cache sync 8 at Thu May  7 13:22:32 UTC 2026
Cache sync 9 at Thu May  7 13:22:32 UTC 2026
Cache sync 10 at Thu May  7 13:22:32 UTC 2026
Cache sync 11 at Thu May  7 13:22:32 UTC 2026
Cache sync 12 at Thu May  7 13:22:32 UTC 2026
Cache sync 13 at Thu May  7 13:22:32 UTC 2026
Cache sync 14 at Thu May  7 13:22:32 UTC 2026
Cache sync 15 at Thu May  7 13:22:32 UTC 2026
Cache sync 16 at Thu May  7 13:22:32 UTC 2026
Cache sync 17 at Thu May  7 13:22:32 UTC 2026
Cache sync 18 at Thu May  7 13:22:32 UTC 2026
Cache sync 19 at Thu May  7 13:22:32 UTC 2026
Cache sync 20 at Thu May  7 13:22:32 UTC 2026
Cache sync 21 at Thu May  7 13:22:32 UTC 2026
Cache sync 22 at Thu May  7 13:22:32 UTC 2026
Cache sync 23 at Thu May  7 13:22:32 UTC 2026
Cache sync 24 at Thu May  7 13:22:32 UTC 2026
Cache sync 25 at Thu May  7 13:22:32 UTC 2026
Cache sync 26 at Thu May  7 13:22:32 UTC 2026
Cache sync 27 at Thu May  7 13:22:32 UTC 2026
Cache sync 1 at Fri May  8 01:30:39 UTC 2026
Cache sync 2 at Fri May  8 01:30:39 UTC 2026
Cache sync 3 at Fri May  8 01:30:39 UTC 2026
Cache sync 4 at Fri May  8 01:30:39 UTC 2026
Cache sync 5 at Fri May  8 01:30:39 UTC 2026
Cache sync 6 at Fri May  8 01:30:39 UTC 2026
Cache sync 7 at Fri May  8 01:30:39 UTC 2026
Cache sync 8 at Fri May  8 01:30:39 UTC 2026
Cache sync 9 at Fri May  8 01:30:39 UTC 2026
Cache sync 10 at Fri May  8 01:30:39 UTC 2026
Cache sync 11 at Fri May  8 01:30:39 UTC 2026
Cache sync 12 at Fri May  8 01:30:39 UTC 2026
Cache sync 13 at Fri May  8 01:30:39 UTC 2026
Cache sync 14 at Fri May  8 01:30:39 UTC 2026
Cache sync 15 at Fri May  8 01:30:39 UTC 2026
Cache sync 16 at Fri May  8 01:30:39 UTC 2026
Cache sync 17 at Fri May  8 01:30:39 UTC 2026
Cache sync 18 at Fri May  8 01:30:39 UTC 2026
Cache sync 19 at Fri May  8 01:30:39 UTC 2026
Cache sync 20 at Fri May  8 01:30:39 UTC 2026
Cache sync 21 at Fri May  8 01:30:39 UTC 2026
Cache sync 22 at Fri May  8 01:30:39 UTC 2026
Cache sync 23 at Fri May  8 01:30:39 UTC 2026
Cache sync 24 at Fri May  8 01:30:39 UTC 2026
Cache sync 25 at Fri May  8 01:30:39 UTC 2026
Cache sync 26 at Fri May  8 01:30:39 UTC 2026
Cache sync 27 at Fri May  8 01:30:39 UTC 2026
Cache sync 28 at Fri May  8 01:30:39 UTC 2026
Cache sync 29 at Fri May  8 01:30:39 UTC 2026
Cache sync 30 at Fri May  8 01:30:39 UTC 2026
Cache sync 31 at Fri May  8 01:30:39 UTC 2026
Cache sync 32 at Fri May  8 01:30:39 UTC 2026
Cache sync 33 at Fri May  8 01:30:39 UTC 2026
Cache sync 34 at Fri May  8 01:30:39 UTC 2026
Cache sync 35 at Fri May  8 01:30:39 UTC 2026
Cache sync 36 at Fri May  8 01:30:39 UTC 2026
Cache sync 37 at Fri May  8 01:30:39 UTC 2026
Cache sync 38 at Fri May  8 01:30:39 UTC 2026
Cache sync 39 at Fri May  8 01:30:39 UTC 2026
Cache sync 40 at Fri May  8 01:30:39 UTC 2026
Cache sync 41 at Fri May  8 01:30:39 UTC 2026
Cache sync 42 at Fri May  8 01:30:39 UTC 2026
Cache sync 43 at Fri May  8 01:30:39 UTC 2026
Cache sync 44 at Fri May  8 01:30:39 UTC 2026
Cache sync 45 at Fri May  8 01:30:39 UTC 2026
Cache sync 46 at Fri May  8 01:30:39 UTC 2026
Cache sync 47 at Fri May  8 01:30:39 UTC 2026
Cache sync 48 at Fri May  8 01:30:39 UTC 2026
Cache sync 49 at Fri May  8 01:30:39 UTC 2026
Cache sync 50 at Fri May  8 01:30:39 UTC 2026
Cache sync 51 at Fri May  8 01:30:39 UTC 2026
Cache sync 52 at Fri May  8 01:30:39 UTC 2026
Cache sync 53 at Fri May  8 01:30:39 UTC 2026
Cache sync 54 at Fri May  8 01:30:39 UTC 2026
Cache sync 55 at Fri May  8 01:30:39 UTC 2026
Cache sync 56 at Fri May  8 01:30:39 UTC 2026
Cache sync 1 at Fri May  8 13:02:19 UTC 2026
Cache sync 2 at Fri May  8 13:02:19 UTC 2026
Cache sync 3 at Fri May  8 13:02:19 UTC 2026
Cache sync 4 at Fri May  8 13:02:19 UTC 2026
Cache sync 5 at Fri May  8 13:02:19 UTC 2026
Cache sync 6 at Fri May  8 13:02:19 UTC 2026
Cache sync 7 at Fri May  8 13:02:19 UTC 2026
Cache sync 8 at Fri May  8 13:02:19 UTC 2026
Cache sync 9 at Fri May  8 13:02:19 UTC 2026
Cache sync 10 at Fri May  8 13:02:19 UTC 2026
Cache sync 11 at Fri May  8 13:02:19 UTC 2026
Cache sync 12 at Fri May  8 13:02:19 UTC 2026
Cache sync 13 at Fri May  8 13:02:19 UTC 2026
Cache sync 14 at Fri May  8 13:02:19 UTC 2026
Cache sync 15 at Fri May  8 13:02:19 UTC 2026
Cache sync 16 at Fri May  8 13:02:19 UTC 2026
Cache sync 17 at Fri May  8 13:02:19 UTC 2026
Cache sync 18 at Fri May  8 13:02:19 UTC 2026
Cache sync 19 at Fri May  8 13:02:19 UTC 2026
Cache sync 20 at Fri May  8 13:02:19 UTC 2026
Cache sync 21 at Fri May  8 13:02:19 UTC 2026
Cache sync 22 at Fri May  8 13:02:19 UTC 2026
Cache sync 23 at Fri May  8 13:02:19 UTC 2026
Cache sync 24 at Fri May  8 13:02:19 UTC 2026
Cache sync 25 at Fri May  8 13:02:19 UTC 2026
Cache sync 26 at Fri May  8 13:02:19 UTC 2026
Cache sync 27 at Fri May  8 13:02:19 UTC 2026
Cache sync 28 at Fri May  8 13:02:19 UTC 2026
Cache sync 29 at Fri May  8 13:02:19 UTC 2026
Cache sync 30 at Fri May  8 13:02:19 UTC 2026
Cache sync 31 at Fri May  8 13:02:19 UTC 2026
Cache sync 32 at Fri May  8 13:02:20 UTC 2026
Cache sync 33 at Fri May  8 13:02:20 UTC 2026
Cache sync 34 at Fri May  8 13:02:20 UTC 2026
Cache sync 35 at Fri May  8 13:02:20 UTC 2026
Cache sync 36 at Fri May  8 13:02:20 UTC 2026
Cache sync 37 at Fri May  8 13:02:20 UTC 2026
Cache sync 38 at Fri May  8 13:02:20 UTC 2026
Cache sync 39 at Fri May  8 13:02:20 UTC 2026
Cache sync 40 at Fri May  8 13:02:20 UTC 2026
Cache sync 41 at Fri May  8 13:02:20 UTC 2026
Cache sync 42 at Fri May  8 13:02:20 UTC 2026
Cache sync 43 at Fri May  8 13:02:20 UTC 2026
Cache sync 44 at Fri May  8 13:02:20 UTC 2026
Cache sync 45 at Fri May  8 13:02:20 UTC 2026
Cache sync 46 at Fri May  8 13:02:20 UTC 2026
Cache sync 47 at Fri May  8 13:02:20 UTC 2026
Cache sync 48 at Fri May  8 13:02:20 UTC 2026
Cache sync 49 at Fri May  8 13:02:20 UTC 2026
Cache sync 50 at Fri May  8 13:02:20 UTC 2026
Cache sync 51 at Fri May  8 13:02:20 UTC 2026
Cache sync 52 at Fri May  8 13:02:20 UTC 2026
Cache sync 53 at Fri May  8 13:02:20 UTC 2026
Cache sync 54 at Fri May  8 13:02:20 UTC 2026
Cache sync 55 at Fri May  8 13:02:20 UTC 2026
Cache sync 56 at Fri May  8 13:02:20 UTC 2026
Cache sync 57 at Fri May  8 13:02:20 UTC 2026
Cache sync 58 at Fri May  8 13:02:20 UTC 2026
Cache sync 59 at Fri May  8 13:02:20 UTC 2026
Cache sync 60 at Fri May  8 13:02:20 UTC 2026
Cache sync 61 at Fri May  8 13:02:20 UTC 2026
Cache sync 62 at Fri May  8 13:02:20 UTC 2026
Cache sync 63 at Fri May  8 13:02:20 UTC 2026
Cache sync 64 at Fri May  8 13:02:20 UTC 2026
Cache sync 65 at Fri May  8 13:02:20 UTC 2026
Cache sync 66 at Fri May  8 13:02:20 UTC 2026
Cache sync 67 at Fri May  8 13:02:20 UTC 2026
Cache sync 68 at Fri May  8 13:02:20 UTC 2026
Cache sync 69 at Fri May  8 13:02:20 UTC 2026
Cache sync 70 at Fri May  8 13:02:20 UTC 2026
Cache sync 71 at Fri May  8 13:02:20 UTC 2026
Cache sync 72 at Fri May  8 13:02:20 UTC 2026
Cache sync 73 at Fri May  8 13:02:20 UTC 2026
Cache sync 74 at Fri May  8 13:02:20 UTC 2026
Cache sync 75 at Fri May  8 13:02:20 UTC 2026
Cache sync 76 at Fri May  8 13:02:20 UTC 2026
Cache sync 77 at Fri May  8 13:02:20 UTC 2026
Cache sync 78 at Fri May  8 13:02:20 UTC 2026
Cache sync 79 at Fri May  8 13:02:20 UTC 2026
Cache sync 80 at Fri May  8 13:02:20 UTC 2026
Cache sync 1 at Sat May  9 01:27:48 UTC 2026
Cache sync 2 at Sat May  9 01:27:48 UTC 2026
Cache sync 3 at Sat May  9 01:27:48 UTC 2026
Cache sync 4 at Sat May  9 01:27:48 UTC 2026
Cache sync 5 at Sat May  9 01:27:48 UTC 2026
Cache sync 6 at Sat May  9 01:27:48 UTC 2026
Cache sync 7 at Sat May  9 01:27:48 UTC 2026
Cache sync 8 at Sat May  9 01:27:48 UTC 2026
Cache sync 9 at Sat May  9 01:27:49 UTC 2026
Cache sync 10 at Sat May  9 01:27:49 UTC 2026
Cache sync 11 at Sat May  9 01:27:49 UTC 2026
Cache sync 12 at Sat May  9 01:27:49 UTC 2026
Cache sync 13 at Sat May  9 01:27:49 UTC 2026
Cache sync 14 at Sat May  9 01:27:49 UTC 2026
Cache sync 15 at Sat May  9 01:27:49 UTC 2026
Cache sync 16 at Sat May  9 01:27:49 UTC 2026
Cache sync 17 at Sat May  9 01:27:49 UTC 2026
Cache sync 18 at Sat May  9 01:27:49 UTC 2026
Cache sync 19 at Sat May  9 01:27:49 UTC 2026
Cache sync 20 at Sat May  9 01:27:49 UTC 2026
Cache sync 21 at Sat May  9 01:27:49 UTC 2026
Cache sync 1 at Sun May 10 01:29:07 UTC 2026
Cache sync 2 at Sun May 10 01:29:07 UTC 2026
Cache sync 3 at Sun May 10 01:29:07 UTC 2026
Cache sync 4 at Sun May 10 01:29:07 UTC 2026
Cache sync 5 at Sun May 10 01:29:07 UTC 2026
Cache sync 6 at Sun May 10 01:29:07 UTC 2026
Cache sync 7 at Sun May 10 01:29:07 UTC 2026
Cache sync 8 at Sun May 10 01:29:07 UTC 2026
Cache sync 9 at Sun May 10 01:29:07 UTC 2026
Cache sync 10 at Sun May 10 01:29:07 UTC 2026
Cache sync 11 at Sun May 10 01:29:07 UTC 2026
Cache sync 12 at Sun May 10 01:29:07 UTC 2026
Cache sync 13 at Sun May 10 01:29:07 UTC 2026
Cache sync 14 at Sun May 10 01:29:07 UTC 2026
Cache sync 15 at Sun May 10 01:29:07 UTC 2026
Cache sync 16 at Sun May 10 01:29:07 UTC 2026
Cache sync 17 at Sun May 10 01:29:07 UTC 2026
Cache sync 18 at Sun May 10 01:29:07 UTC 2026
Cache sync 19 at Sun May 10 01:29:07 UTC 2026
Cache sync 20 at Sun May 10 01:29:07 UTC 2026
Cache sync 21 at Sun May 10 01:29:07 UTC 2026
Cache sync 22 at Sun May 10 01:29:07 UTC 2026
Cache sync 23 at Sun May 10 01:29:07 UTC 2026
Cache sync 24 at Sun May 10 01:29:07 UTC 2026
Cache sync 25 at Sun May 10 01:29:07 UTC 2026
Cache sync 26 at Sun May 10 01:29:07 UTC 2026
Cache sync 27 at Sun May 10 01:29:07 UTC 2026
Cache sync 28 at Sun May 10 01:29:07 UTC 2026
Cache sync 29 at Sun May 10 01:29:07 UTC 2026
Cache sync 30 at Sun May 10 01:29:07 UTC 2026
Cache sync 31 at Sun May 10 01:29:07 UTC 2026
Cache sync 32 at Sun May 10 01:29:07 UTC 2026
Cache sync 33 at Sun May 10 01:29:07 UTC 2026
Cache sync 34 at Sun May 10 01:29:07 UTC 2026
Cache sync 35 at Sun May 10 01:29:07 UTC 2026
Cache sync 36 at Sun May 10 01:29:07 UTC 2026
Cache sync 37 at Sun May 10 01:29:07 UTC 2026
Cache sync 38 at Sun May 10 01:29:07 UTC 2026
Cache sync 39 at Sun May 10 01:29:07 UTC 2026
Cache sync 40 at Sun May 10 01:29:07 UTC 2026
Cache sync 41 at Sun May 10 01:29:07 UTC 2026
Cache sync 42 at Sun May 10 01:29:07 UTC 2026
Cache sync 43 at Sun May 10 01:29:07 UTC 2026
Cache sync 44 at Sun May 10 01:29:07 UTC 2026
Cache sync 45 at Sun May 10 01:29:07 UTC 2026
Cache sync 46 at Sun May 10 01:29:07 UTC 2026
Cache sync 47 at Sun May 10 01:29:07 UTC 2026
Cache sync 48 at Sun May 10 01:29:07 UTC 2026
Cache sync 1 at Sun May 10 12:45:03 UTC 2026
Cache sync 2 at Sun May 10 12:45:03 UTC 2026
Cache sync 3 at Sun May 10 12:45:03 UTC 2026
Cache sync 4 at Sun May 10 12:45:03 UTC 2026
Cache sync 5 at Sun May 10 12:45:03 UTC 2026
Cache sync 6 at Sun May 10 12:45:03 UTC 2026
Cache sync 7 at Sun May 10 12:45:03 UTC 2026
Cache sync 8 at Sun May 10 12:45:03 UTC 2026
Cache sync 9 at Sun May 10 12:45:03 UTC 2026
Cache sync 10 at Sun May 10 12:45:03 UTC 2026
Cache sync 11 at Sun May 10 12:45:03 UTC 2026
Cache sync 12 at Sun May 10 12:45:03 UTC 2026
Cache sync 13 at Sun May 10 12:45:03 UTC 2026
Cache sync 14 at Sun May 10 12:45:03 UTC 2026
Cache sync 15 at Sun May 10 12:45:03 UTC 2026
Cache sync 16 at Sun May 10 12:45:03 UTC 2026
Cache sync 17 at Sun May 10 12:45:03 UTC 2026
Cache sync 18 at Sun May 10 12:45:03 UTC 2026
Cache sync 19 at Sun May 10 12:45:03 UTC 2026
Cache sync 20 at Sun May 10 12:45:03 UTC 2026
Cache sync 21 at Sun May 10 12:45:03 UTC 2026
Cache sync 22 at Sun May 10 12:45:03 UTC 2026
Cache sync 23 at Sun May 10 12:45:03 UTC 2026
Cache sync 24 at Sun May 10 12:45:03 UTC 2026
Cache sync 25 at Sun May 10 12:45:03 UTC 2026
Cache sync 26 at Sun May 10 12:45:03 UTC 2026
Cache sync 27 at Sun May 10 12:45:03 UTC 2026
Cache sync 28 at Sun May 10 12:45:03 UTC 2026
Cache sync 29 at Sun May 10 12:45:03 UTC 2026
Cache sync 30 at Sun May 10 12:45:03 UTC 2026
Cache sync 31 at Sun May 10 12:45:03 UTC 2026
Cache sync 32 at Sun May 10 12:45:03 UTC 2026
Cache sync 33 at Sun May 10 12:45:03 UTC 2026
Cache sync 34 at Sun May 10 12:45:03 UTC 2026
Cache sync 35 at Sun May 10 12:45:03 UTC 2026
Cache sync 36 at Sun May 10 12:45:03 UTC 2026
Cache sync 37 at Sun May 10 12:45:03 UTC 2026
Cache sync 38 at Sun May 10 12:45:03 UTC 2026
Cache sync 39 at Sun May 10 12:45:03 UTC 2026
Cache sync 40 at Sun May 10 12:45:03 UTC 2026
Cache sync 41 at Sun May 10 12:45:03 UTC 2026
Cache sync 42 at Sun May 10 12:45:03 UTC 2026
Cache sync 43 at Sun May 10 12:45:03 UTC 2026
Cache sync 44 at Sun May 10 12:45:03 UTC 2026
Cache sync 45 at Sun May 10 12:45:03 UTC 2026
Cache sync 46 at Sun May 10 12:45:03 UTC 2026
Cache sync 47 at Sun May 10 12:45:03 UTC 2026
Cache sync 48 at Sun May 10 12:45:03 UTC 2026
Cache sync 49 at Sun May 10 12:45:03 UTC 2026
Cache sync 50 at Sun May 10 12:45:03 UTC 2026
Cache sync 51 at Sun May 10 12:45:03 UTC 2026
Cache sync 52 at Sun May 10 12:45:03 UTC 2026
Cache sync 53 at Sun May 10 12:45:03 UTC 2026
Cache sync 54 at Sun May 10 12:45:03 UTC 2026
Cache sync 55 at Sun May 10 12:45:03 UTC 2026
Cache sync 56 at Sun May 10 12:45:03 UTC 2026
Cache sync 57 at Sun May 10 12:45:03 UTC 2026
Cache sync 58 at Sun May 10 12:45:03 UTC 2026
Cache sync 59 at Sun May 10 12:45:03 UTC 2026
Cache sync 60 at Sun May 10 12:45:03 UTC 2026
Cache sync 61 at Sun May 10 12:45:03 UTC 2026
Cache sync 62 at Sun May 10 12:45:03 UTC 2026
Cache sync 63 at Sun May 10 12:45:03 UTC 2026
Cache sync 64 at Sun May 10 12:45:03 UTC 2026
Cache sync 65 at Sun May 10 12:45:03 UTC 2026
Cache sync 66 at Sun May 10 12:45:03 UTC 2026
Cache sync 67 at Sun May 10 12:45:03 UTC 2026
Cache sync 68 at Sun May 10 12:45:03 UTC 2026
Cache sync 69 at Sun May 10 12:45:03 UTC 2026
Cache sync 70 at Sun May 10 12:45:03 UTC 2026
Cache sync 71 at Sun May 10 12:45:03 UTC 2026
Cache sync 72 at Sun May 10 12:45:03 UTC 2026
Cache sync 73 at Sun May 10 12:45:03 UTC 2026
Cache sync 74 at Sun May 10 12:45:03 UTC 2026
Cache sync 75 at Sun May 10 12:45:03 UTC 2026
Cache sync 76 at Sun May 10 12:45:03 UTC 2026
Cache sync 1 at Mon May 11 01:47:35 UTC 2026
Cache sync 2 at Mon May 11 01:47:35 UTC 2026
Cache sync 3 at Mon May 11 01:47:35 UTC 2026
Cache sync 4 at Mon May 11 01:47:35 UTC 2026
Cache sync 5 at Mon May 11 01:47:35 UTC 2026
Cache sync 6 at Mon May 11 01:47:35 UTC 2026
Cache sync 1 at Mon May 11 14:14:19 UTC 2026
Cache sync 2 at Mon May 11 14:14:19 UTC 2026
Cache sync 3 at Mon May 11 14:14:19 UTC 2026
Cache sync 4 at Mon May 11 14:14:19 UTC 2026
Cache sync 5 at Mon May 11 14:14:19 UTC 2026
Cache sync 6 at Mon May 11 14:14:19 UTC 2026
Cache sync 7 at Mon May 11 14:14:19 UTC 2026
Cache sync 8 at Mon May 11 14:14:19 UTC 2026
Cache sync 9 at Mon May 11 14:14:19 UTC 2026
Cache sync 10 at Mon May 11 14:14:19 UTC 2026
Cache sync 11 at Mon May 11 14:14:19 UTC 2026
Cache sync 12 at Mon May 11 14:14:19 UTC 2026
Cache sync 13 at Mon May 11 14:14:19 UTC 2026
Cache sync 14 at Mon May 11 14:14:19 UTC 2026
Cache sync 15 at Mon May 11 14:14:19 UTC 2026
Cache sync 16 at Mon May 11 14:14:19 UTC 2026
Cache sync 17 at Mon May 11 14:14:19 UTC 2026
Cache sync 18 at Mon May 11 14:14:19 UTC 2026
Cache sync 19 at Mon May 11 14:14:19 UTC 2026
Cache sync 20 at Mon May 11 14:14:19 UTC 2026
Cache sync 21 at Mon May 11 14:14:19 UTC 2026
Cache sync 22 at Mon May 11 14:14:20 UTC 2026
Cache sync 23 at Mon May 11 14:14:20 UTC 2026
Cache sync 24 at Mon May 11 14:14:20 UTC 2026
Cache sync 25 at Mon May 11 14:14:20 UTC 2026
Cache sync 26 at Mon May 11 14:14:20 UTC 2026
Cache sync 27 at Mon May 11 14:14:20 UTC 2026
Cache sync 28 at Mon May 11 14:14:20 UTC 2026
Cache sync 29 at Mon May 11 14:14:20 UTC 2026
Cache sync 30 at Mon May 11 14:14:20 UTC 2026
Cache sync 31 at Mon May 11 14:14:20 UTC 2026
Cache sync 32 at Mon May 11 14:14:20 UTC 2026
Cache sync 33 at Mon May 11 14:14:20 UTC 2026
Cache sync 34 at Mon May 11 14:14:20 UTC 2026
Cache sync 35 at Mon May 11 14:14:20 UTC 2026
Cache sync 36 at Mon May 11 14:14:20 UTC 2026
Cache sync 37 at Mon May 11 14:14:20 UTC 2026
Cache sync 38 at Mon May 11 14:14:20 UTC 2026
Cache sync 1 at Tue May 12 01:29:44 UTC 2026
Cache sync 2 at Tue May 12 01:29:44 UTC 2026
Cache sync 3 at Tue May 12 01:29:44 UTC 2026
Cache sync 4 at Tue May 12 01:29:44 UTC 2026
Cache sync 5 at Tue May 12 01:29:44 UTC 2026
Cache sync 6 at Tue May 12 01:29:44 UTC 2026
Cache sync 7 at Tue May 12 01:29:44 UTC 2026
Cache sync 8 at Tue May 12 01:29:44 UTC 2026
Cache sync 9 at Tue May 12 01:29:44 UTC 2026
Cache sync 10 at Tue May 12 01:29:44 UTC 2026
Cache sync 11 at Tue May 12 01:29:44 UTC 2026
Cache sync 12 at Tue May 12 01:29:44 UTC 2026
Cache sync 13 at Tue May 12 01:29:44 UTC 2026
Cache sync 14 at Tue May 12 01:29:44 UTC 2026
Cache sync 15 at Tue May 12 01:29:44 UTC 2026
Cache sync 16 at Tue May 12 01:29:44 UTC 2026
Cache sync 17 at Tue May 12 01:29:44 UTC 2026
Cache sync 18 at Tue May 12 01:29:44 UTC 2026
Cache sync 19 at Tue May 12 01:29:44 UTC 2026
Cache sync 20 at Tue May 12 01:29:44 UTC 2026
Cache sync 21 at Tue May 12 01:29:44 UTC 2026
Cache sync 22 at Tue May 12 01:29:44 UTC 2026
Cache sync 23 at Tue May 12 01:29:44 UTC 2026
Cache sync 24 at Tue May 12 01:29:44 UTC 2026
Cache sync 25 at Tue May 12 01:29:44 UTC 2026
Cache sync 26 at Tue May 12 01:29:44 UTC 2026
Cache sync 27 at Tue May 12 01:29:44 UTC 2026
Cache sync 28 at Tue May 12 01:29:44 UTC 2026
Cache sync 29 at Tue May 12 01:29:44 UTC 2026
Cache sync 30 at Tue May 12 01:29:44 UTC 2026
Cache sync 31 at Tue May 12 01:29:44 UTC 2026
Cache sync 32 at Tue May 12 01:29:44 UTC 2026
Cache sync 33 at Tue May 12 01:29:44 UTC 2026
Cache sync 34 at Tue May 12 01:29:44 UTC 2026
Cache sync 35 at Tue May 12 01:29:44 UTC 2026
Cache sync 36 at Tue May 12 01:29:44 UTC 2026
Cache sync 37 at Tue May 12 01:29:44 UTC 2026
Cache sync 38 at Tue May 12 01:29:44 UTC 2026
Cache sync 39 at Tue May 12 01:29:44 UTC 2026
Cache sync 40 at Tue May 12 01:29:44 UTC 2026
Cache sync 41 at Tue May 12 01:29:44 UTC 2026
Cache sync 42 at Tue May 12 01:29:44 UTC 2026
Cache sync 43 at Tue May 12 01:29:44 UTC 2026
Cache sync 44 at Tue May 12 01:29:44 UTC 2026
Cache sync 45 at Tue May 12 01:29:44 UTC 2026
Cache sync 46 at Tue May 12 01:29:44 UTC 2026
Cache sync 47 at Tue May 12 01:29:44 UTC 2026
Cache sync 48 at Tue May 12 01:29:44 UTC 2026
Cache sync 49 at Tue May 12 01:29:44 UTC 2026
Cache sync 50 at Tue May 12 01:29:44 UTC 2026
Cache sync 51 at Tue May 12 01:29:44 UTC 2026
Cache sync 52 at Tue May 12 01:29:44 UTC 2026
Cache sync 53 at Tue May 12 01:29:44 UTC 2026
Cache sync 54 at Tue May 12 01:29:44 UTC 2026
Cache sync 55 at Tue May 12 01:29:44 UTC 2026
Cache sync 56 at Tue May 12 01:29:44 UTC 2026
Cache sync 57 at Tue May 12 01:29:44 UTC 2026
Cache sync 58 at Tue May 12 01:29:44 UTC 2026
Cache sync 59 at Tue May 12 01:29:44 UTC 2026
Cache sync 60 at Tue May 12 01:29:44 UTC 2026
Cache sync 61 at Tue May 12 01:29:44 UTC 2026
Cache sync 62 at Tue May 12 01:29:44 UTC 2026
Cache sync 63 at Tue May 12 01:29:44 UTC 2026
Cache sync 64 at Tue May 12 01:29:44 UTC 2026
Cache sync 65 at Tue May 12 01:29:44 UTC 2026
Cache sync 66 at Tue May 12 01:29:44 UTC 2026
Cache sync 67 at Tue May 12 01:29:44 UTC 2026
Cache sync 68 at Tue May 12 01:29:44 UTC 2026
Cache sync 69 at Tue May 12 01:29:44 UTC 2026
Cache sync 70 at Tue May 12 01:29:44 UTC 2026
Cache sync 71 at Tue May 12 01:29:44 UTC 2026
Cache sync 72 at Tue May 12 01:29:44 UTC 2026
Cache sync 73 at Tue May 12 01:29:44 UTC 2026
Cache sync 74 at Tue May 12 01:29:44 UTC 2026
Cache sync 75 at Tue May 12 01:29:44 UTC 2026
Cache sync 76 at Tue May 12 01:29:44 UTC 2026
Cache sync 77 at Tue May 12 01:29:44 UTC 2026
Cache sync 78 at Tue May 12 01:29:44 UTC 2026
Cache sync 79 at Tue May 12 01:29:44 UTC 2026
Cache sync 80 at Tue May 12 01:29:44 UTC 2026
Cache sync 81 at Tue May 12 01:29:44 UTC 2026
Cache sync 82 at Tue May 12 01:29:44 UTC 2026
Cache sync 83 at Tue May 12 01:29:44 UTC 2026
Cache sync 84 at Tue May 12 01:29:44 UTC 2026
Cache sync 1 at Tue May 12 13:29:00 UTC 2026
Cache sync 2 at Tue May 12 13:29:00 UTC 2026
Cache sync 3 at Tue May 12 13:29:00 UTC 2026
Cache sync 4 at Tue May 12 13:29:00 UTC 2026
Cache sync 5 at Tue May 12 13:29:00 UTC 2026
Cache sync 6 at Tue May 12 13:29:00 UTC 2026
Cache sync 7 at Tue May 12 13:29:00 UTC 2026
Cache sync 8 at Tue May 12 13:29:00 UTC 2026
Cache sync 9 at Tue May 12 13:29:00 UTC 2026
Cache sync 10 at Tue May 12 13:29:00 UTC 2026
Cache sync 11 at Tue May 12 13:29:00 UTC 2026
Cache sync 12 at Tue May 12 13:29:00 UTC 2026
Cache sync 13 at Tue May 12 13:29:00 UTC 2026
Cache sync 14 at Tue May 12 13:29:00 UTC 2026
Cache sync 15 at Tue May 12 13:29:00 UTC 2026
Cache sync 16 at Tue May 12 13:29:00 UTC 2026
Cache sync 17 at Tue May 12 13:29:00 UTC 2026
Cache sync 18 at Tue May 12 13:29:00 UTC 2026
Cache sync 19 at Tue May 12 13:29:00 UTC 2026
Cache sync 20 at Tue May 12 13:29:00 UTC 2026
Cache sync 21 at Tue May 12 13:29:00 UTC 2026
Cache sync 22 at Tue May 12 13:29:00 UTC 2026
Cache sync 23 at Tue May 12 13:29:00 UTC 2026
Cache sync 24 at Tue May 12 13:29:00 UTC 2026
Cache sync 25 at Tue May 12 13:29:00 UTC 2026
Cache sync 26 at Tue May 12 13:29:00 UTC 2026
Cache sync 27 at Tue May 12 13:29:00 UTC 2026
Cache sync 28 at Tue May 12 13:29:00 UTC 2026
Cache sync 29 at Tue May 12 13:29:00 UTC 2026
Cache sync 30 at Tue May 12 13:29:00 UTC 2026
Cache sync 31 at Tue May 12 13:29:00 UTC 2026
Cache sync 32 at Tue May 12 13:29:00 UTC 2026
Cache sync 33 at Tue May 12 13:29:00 UTC 2026
Cache sync 34 at Tue May 12 13:29:00 UTC 2026
Cache sync 35 at Tue May 12 13:29:00 UTC 2026
Cache sync 36 at Tue May 12 13:29:00 UTC 2026
Cache sync 37 at Tue May 12 13:29:00 UTC 2026
Cache sync 38 at Tue May 12 13:29:00 UTC 2026
Cache sync 39 at Tue May 12 13:29:00 UTC 2026
Cache sync 40 at Tue May 12 13:29:00 UTC 2026
Cache sync 41 at Tue May 12 13:29:00 UTC 2026
Cache sync 42 at Tue May 12 13:29:00 UTC 2026
Cache sync 43 at Tue May 12 13:29:00 UTC 2026
Cache sync 44 at Tue May 12 13:29:00 UTC 2026
Cache sync 45 at Tue May 12 13:29:00 UTC 2026
Cache sync 46 at Tue May 12 13:29:00 UTC 2026
Cache sync 47 at Tue May 12 13:29:00 UTC 2026
Cache sync 48 at Tue May 12 13:29:00 UTC 2026
Cache sync 49 at Tue May 12 13:29:00 UTC 2026
Cache sync 50 at Tue May 12 13:29:00 UTC 2026
Cache sync 51 at Tue May 12 13:29:01 UTC 2026
Cache sync 52 at Tue May 12 13:29:01 UTC 2026
Cache sync 53 at Tue May 12 13:29:01 UTC 2026
Cache sync 54 at Tue May 12 13:29:01 UTC 2026
Cache sync 55 at Tue May 12 13:29:01 UTC 2026
Cache sync 56 at Tue May 12 13:29:01 UTC 2026
Cache sync 57 at Tue May 12 13:29:01 UTC 2026
Cache sync 58 at Tue May 12 13:29:01 UTC 2026
Cache sync 59 at Tue May 12 13:29:01 UTC 2026
Cache sync 60 at Tue May 12 13:29:01 UTC 2026
Cache sync 61 at Tue May 12 13:29:01 UTC 2026
Cache sync 62 at Tue May 12 13:29:01 UTC 2026
Cache sync 63 at Tue May 12 13:29:01 UTC 2026
Cache sync 64 at Tue May 12 13:29:01 UTC 2026
Cache sync 65 at Tue May 12 13:29:01 UTC 2026
Cache sync 1 at Wed May 13 13:57:43 UTC 2026
Cache sync 2 at Wed May 13 13:57:43 UTC 2026
Cache sync 3 at Wed May 13 13:57:43 UTC 2026
Cache sync 4 at Wed May 13 13:57:43 UTC 2026
Cache sync 5 at Wed May 13 13:57:43 UTC 2026
Cache sync 6 at Wed May 13 13:57:43 UTC 2026
Cache sync 7 at Wed May 13 13:57:43 UTC 2026
Cache sync 8 at Wed May 13 13:57:43 UTC 2026
Cache sync 9 at Wed May 13 13:57:43 UTC 2026
Cache sync 10 at Wed May 13 13:57:43 UTC 2026
Cache sync 11 at Wed May 13 13:57:43 UTC 2026
Cache sync 12 at Wed May 13 13:57:43 UTC 2026
Cache sync 13 at Wed May 13 13:57:43 UTC 2026
Cache sync 14 at Wed May 13 13:57:43 UTC 2026
Cache sync 15 at Wed May 13 13:57:43 UTC 2026
Cache sync 16 at Wed May 13 13:57:43 UTC 2026
Cache sync 17 at Wed May 13 13:57:43 UTC 2026
Cache sync 18 at Wed May 13 13:57:43 UTC 2026
Cache sync 19 at Wed May 13 13:57:43 UTC 2026
Cache sync 20 at Wed May 13 13:57:43 UTC 2026
Cache sync 21 at Wed May 13 13:57:43 UTC 2026
Cache sync 22 at Wed May 13 13:57:43 UTC 2026
Cache sync 23 at Wed May 13 13:57:43 UTC 2026
Cache sync 24 at Wed May 13 13:57:43 UTC 2026
Cache sync 25 at Wed May 13 13:57:43 UTC 2026
Cache sync 26 at Wed May 13 13:57:43 UTC 2026
Cache sync 27 at Wed May 13 13:57:43 UTC 2026
Cache sync 28 at Wed May 13 13:57:43 UTC 2026
Cache sync 29 at Wed May 13 13:57:43 UTC 2026
Cache sync 30 at Wed May 13 13:57:43 UTC 2026
Cache sync 31 at Wed May 13 13:57:43 UTC 2026
Cache sync 32 at Wed May 13 13:57:43 UTC 2026
Cache sync 33 at Wed May 13 13:57:43 UTC 2026
Cache sync 34 at Wed May 13 13:57:43 UTC 2026
Cache sync 35 at Wed May 13 13:57:43 UTC 2026
Cache sync 36 at Wed May 13 13:57:43 UTC 2026
Cache sync 37 at Wed May 13 13:57:43 UTC 2026
Cache sync 38 at Wed May 13 13:57:43 UTC 2026
Cache sync 39 at Wed May 13 13:57:43 UTC 2026
Cache sync 40 at Wed May 13 13:57:43 UTC 2026
Cache sync 41 at Wed May 13 13:57:43 UTC 2026
Cache sync 42 at Wed May 13 13:57:43 UTC 2026
Cache sync 43 at Wed May 13 13:57:43 UTC 2026
Cache sync 44 at Wed May 13 13:57:43 UTC 2026
Cache sync 45 at Wed May 13 13:57:43 UTC 2026
Cache sync 46 at Wed May 13 13:57:43 UTC 2026
Cache sync 47 at Wed May 13 13:57:43 UTC 2026
Cache sync 48 at Wed May 13 13:57:43 UTC 2026
Cache sync 49 at Wed May 13 13:57:43 UTC 2026
Cache sync 50 at Wed May 13 13:57:44 UTC 2026
Cache sync 51 at Wed May 13 13:57:44 UTC 2026
Cache sync 52 at Wed May 13 13:57:44 UTC 2026
Cache sync 53 at Wed May 13 13:57:44 UTC 2026
Cache sync 54 at Wed May 13 13:57:44 UTC 2026
Cache sync 55 at Wed May 13 13:57:44 UTC 2026
Cache sync 1 at Thu May 14 13:22:03 UTC 2026
Cache sync 2 at Thu May 14 13:22:04 UTC 2026
Cache sync 3 at Thu May 14 13:22:04 UTC 2026
Cache sync 4 at Thu May 14 13:22:04 UTC 2026
Cache sync 5 at Thu May 14 13:22:04 UTC 2026
Cache sync 6 at Thu May 14 13:22:04 UTC 2026
Cache sync 7 at Thu May 14 13:22:04 UTC 2026
Cache sync 8 at Thu May 14 13:22:04 UTC 2026
Cache sync 9 at Thu May 14 13:22:04 UTC 2026
Cache sync 10 at Thu May 14 13:22:04 UTC 2026
Cache sync 11 at Thu May 14 13:22:04 UTC 2026
Cache sync 12 at Thu May 14 13:22:04 UTC 2026
Cache sync 13 at Thu May 14 13:22:04 UTC 2026
Cache sync 14 at Thu May 14 13:22:04 UTC 2026
Cache sync 15 at Thu May 14 13:22:04 UTC 2026
Cache sync 16 at Thu May 14 13:22:04 UTC 2026
Cache sync 17 at Thu May 14 13:22:04 UTC 2026
Cache sync 18 at Thu May 14 13:22:04 UTC 2026
Cache sync 19 at Thu May 14 13:22:04 UTC 2026
Cache sync 20 at Thu May 14 13:22:04 UTC 2026
Cache sync 21 at Thu May 14 13:22:04 UTC 2026
Cache sync 22 at Thu May 14 13:22:04 UTC 2026
Cache sync 23 at Thu May 14 13:22:04 UTC 2026
Cache sync 24 at Thu May 14 13:22:04 UTC 2026
Cache sync 25 at Thu May 14 13:22:04 UTC 2026
Cache sync 26 at Thu May 14 13:22:04 UTC 2026
Cache sync 27 at Thu May 14 13:22:04 UTC 2026
Cache sync 28 at Thu May 14 13:22:04 UTC 2026
Cache sync 29 at Thu May 14 13:22:04 UTC 2026
Cache sync 30 at Thu May 14 13:22:04 UTC 2026
Cache sync 31 at Thu May 14 13:22:04 UTC 2026
Cache sync 32 at Thu May 14 13:22:04 UTC 2026
Cache sync 33 at Thu May 14 13:22:04 UTC 2026
Cache sync 34 at Thu May 14 13:22:04 UTC 2026
Cache sync 35 at Thu May 14 13:22:04 UTC 2026
Cache sync 36 at Thu May 14 13:22:04 UTC 2026
Cache sync 37 at Thu May 14 13:22:04 UTC 2026
Cache sync 38 at Thu May 14 13:22:04 UTC 2026
Cache sync 39 at Thu May 14 13:22:04 UTC 2026
Cache sync 40 at Thu May 14 13:22:04 UTC 2026
Cache sync 41 at Thu May 14 13:22:04 UTC 2026
Cache sync 42 at Thu May 14 13:22:04 UTC 2026
Cache sync 43 at Thu May 14 13:22:04 UTC 2026
Cache sync 44 at Thu May 14 13:22:04 UTC 2026
Cache sync 45 at Thu May 14 13:22:04 UTC 2026
Cache sync 46 at Thu May 14 13:22:04 UTC 2026
Cache sync 47 at Thu May 14 13:22:04 UTC 2026
Cache sync 48 at Thu May 14 13:22:04 UTC 2026
Cache sync 49 at Thu May 14 13:22:04 UTC 2026
Cache sync 50 at Thu May 14 13:22:04 UTC 2026
Cache sync 51 at Thu May 14 13:22:04 UTC 2026
Cache sync 52 at Thu May 14 13:22:04 UTC 2026
Cache sync 53 at Thu May 14 13:22:04 UTC 2026
Cache sync 54 at Thu May 14 13:22:04 UTC 2026
Cache sync 55 at Thu May 14 13:22:04 UTC 2026
Cache sync 56 at Thu May 14 13:22:04 UTC 2026
Cache sync 57 at Thu May 14 13:22:04 UTC 2026
Cache sync 58 at Thu May 14 13:22:04 UTC 2026
Cache sync 59 at Thu May 14 13:22:04 UTC 2026
Cache sync 60 at Thu May 14 13:22:04 UTC 2026
Cache sync 61 at Thu May 14 13:22:04 UTC 2026
Cache sync 62 at Thu May 14 13:22:04 UTC 2026
Cache sync 63 at Thu May 14 13:22:04 UTC 2026
Cache sync 64 at Thu May 14 13:22:04 UTC 2026
Cache sync 65 at Thu May 14 13:22:04 UTC 2026
Cache sync 66 at Thu May 14 13:22:04 UTC 2026
Cache sync 67 at Thu May 14 13:22:04 UTC 2026
Cache sync 68 at Thu May 14 13:22:04 UTC 2026
Cache sync 69 at Thu May 14 13:22:04 UTC 2026
Cache sync 70 at Thu May 14 13:22:04 UTC 2026
Cache sync 71 at Thu May 14 13:22:04 UTC 2026
Cache sync 72 at Thu May 14 13:22:04 UTC 2026
Cache sync 73 at Thu May 14 13:22:04 UTC 2026
Cache sync 74 at Thu May 14 13:22:04 UTC 2026
Cache sync 75 at Thu May 14 13:22:04 UTC 2026
Cache sync 76 at Thu May 14 13:22:04 UTC 2026
Cache sync 1 at Fri May 15 01:48:43 UTC 2026
Cache sync 2 at Fri May 15 01:48:43 UTC 2026
Cache sync 3 at Fri May 15 01:48:43 UTC 2026
Cache sync 4 at Fri May 15 01:48:43 UTC 2026
Cache sync 5 at Fri May 15 01:48:43 UTC 2026
Cache sync 6 at Fri May 15 01:48:43 UTC 2026
Cache sync 7 at Fri May 15 01:48:43 UTC 2026
Cache sync 8 at Fri May 15 01:48:43 UTC 2026
Cache sync 9 at Fri May 15 01:48:43 UTC 2026
Cache sync 10 at Fri May 15 01:48:43 UTC 2026
Cache sync 11 at Fri May 15 01:48:43 UTC 2026
Cache sync 12 at Fri May 15 01:48:43 UTC 2026
Cache sync 13 at Fri May 15 01:48:43 UTC 2026
Cache sync 14 at Fri May 15 01:48:43 UTC 2026
Cache sync 15 at Fri May 15 01:48:43 UTC 2026
Cache sync 16 at Fri May 15 01:48:43 UTC 2026
Cache sync 17 at Fri May 15 01:48:43 UTC 2026
Cache sync 18 at Fri May 15 01:48:43 UTC 2026
Cache sync 19 at Fri May 15 01:48:43 UTC 2026
Cache sync 20 at Fri May 15 01:48:44 UTC 2026
Cache sync 21 at Fri May 15 01:48:44 UTC 2026
Cache sync 22 at Fri May 15 01:48:44 UTC 2026
Cache sync 23 at Fri May 15 01:48:44 UTC 2026
Cache sync 24 at Fri May 15 01:48:44 UTC 2026
Cache sync 25 at Fri May 15 01:48:44 UTC 2026
Cache sync 26 at Fri May 15 01:48:44 UTC 2026
Cache sync 27 at Fri May 15 01:48:44 UTC 2026
Cache sync 28 at Fri May 15 01:48:44 UTC 2026
Cache sync 29 at Fri May 15 01:48:44 UTC 2026
Cache sync 30 at Fri May 15 01:48:44 UTC 2026
Cache sync 31 at Fri May 15 01:48:44 UTC 2026
Cache sync 32 at Fri May 15 01:48:44 UTC 2026
Cache sync 33 at Fri May 15 01:48:44 UTC 2026
Cache sync 34 at Fri May 15 01:48:44 UTC 2026
Cache sync 35 at Fri May 15 01:48:44 UTC 2026
Cache sync 36 at Fri May 15 01:48:44 UTC 2026
Cache sync 37 at Fri May 15 01:48:44 UTC 2026
Cache sync 38 at Fri May 15 01:48:44 UTC 2026
Cache sync 39 at Fri May 15 01:48:44 UTC 2026
Cache sync 40 at Fri May 15 01:48:44 UTC 2026
Cache sync 41 at Fri May 15 01:48:44 UTC 2026
Cache sync 42 at Fri May 15 01:48:44 UTC 2026
Cache sync 43 at Fri May 15 01:48:44 UTC 2026
Cache sync 44 at Fri May 15 01:48:44 UTC 2026
Cache sync 45 at Fri May 15 01:48:44 UTC 2026
Cache sync 46 at Fri May 15 01:48:44 UTC 2026
Cache sync 47 at Fri May 15 01:48:44 UTC 2026
Cache sync 48 at Fri May 15 01:48:44 UTC 2026
Cache sync 49 at Fri May 15 01:48:44 UTC 2026
Cache sync 50 at Fri May 15 01:48:44 UTC 2026
Cache sync 51 at Fri May 15 01:48:44 UTC 2026
Cache sync 52 at Fri May 15 01:48:44 UTC 2026
Cache sync 53 at Fri May 15 01:48:44 UTC 2026
Cache sync 54 at Fri May 15 01:48:44 UTC 2026
Cache sync 55 at Fri May 15 01:48:44 UTC 2026
Cache sync 56 at Fri May 15 01:48:44 UTC 2026
Cache sync 57 at Fri May 15 01:48:44 UTC 2026
Cache sync 58 at Fri May 15 01:48:44 UTC 2026
Cache sync 59 at Fri May 15 01:48:44 UTC 2026
Cache sync 60 at Fri May 15 01:48:44 UTC 2026
Cache sync 61 at Fri May 15 01:48:44 UTC 2026
Cache sync 62 at Fri May 15 01:48:44 UTC 2026
Cache sync 63 at Fri May 15 01:48:44 UTC 2026
Cache sync 64 at Fri May 15 01:48:44 UTC 2026
Cache sync 65 at Fri May 15 01:48:44 UTC 2026
Cache sync 66 at Fri May 15 01:48:44 UTC 2026
Cache sync 67 at Fri May 15 01:48:44 UTC 2026
Cache sync 68 at Fri May 15 01:48:44 UTC 2026
Cache sync 69 at Fri May 15 01:48:44 UTC 2026
Cache sync 70 at Fri May 15 01:48:44 UTC 2026
Cache sync 71 at Fri May 15 01:48:44 UTC 2026
Cache sync 72 at Fri May 15 01:48:44 UTC 2026
Cache sync 73 at Fri May 15 01:48:44 UTC 2026
Cache sync 74 at Fri May 15 01:48:44 UTC 2026
Cache sync 75 at Fri May 15 01:48:44 UTC 2026
Cache sync 76 at Fri May 15 01:48:44 UTC 2026
Cache sync 77 at Fri May 15 01:48:44 UTC 2026
Cache sync 78 at Fri May 15 01:48:44 UTC 2026
Cache sync 79 at Fri May 15 01:48:44 UTC 2026
Cache sync 80 at Fri May 15 01:48:44 UTC 2026
Cache sync 81 at Fri May 15 01:48:44 UTC 2026
Cache sync 82 at Fri May 15 01:48:44 UTC 2026
Cache sync 83 at Fri May 15 01:48:44 UTC 2026
Cache sync 84 at Fri May 15 01:48:44 UTC 2026
Cache sync 85 at Fri May 15 01:48:44 UTC 2026
Cache sync 1 at Fri May 15 13:21:06 UTC 2026
Cache sync 2 at Fri May 15 13:21:06 UTC 2026
Cache sync 3 at Fri May 15 13:21:06 UTC 2026
Cache sync 4 at Fri May 15 13:21:06 UTC 2026
Cache sync 5 at Fri May 15 13:21:06 UTC 2026
Cache sync 6 at Fri May 15 13:21:06 UTC 2026
Cache sync 7 at Fri May 15 13:21:06 UTC 2026
Cache sync 8 at Fri May 15 13:21:06 UTC 2026
Cache sync 9 at Fri May 15 13:21:06 UTC 2026
Cache sync 10 at Fri May 15 13:21:06 UTC 2026
Cache sync 11 at Fri May 15 13:21:06 UTC 2026
Cache sync 12 at Fri May 15 13:21:06 UTC 2026
Cache sync 13 at Fri May 15 13:21:06 UTC 2026
Cache sync 14 at Fri May 15 13:21:06 UTC 2026
Cache sync 15 at Fri May 15 13:21:06 UTC 2026
Cache sync 16 at Fri May 15 13:21:06 UTC 2026
Cache sync 17 at Fri May 15 13:21:06 UTC 2026
Cache sync 18 at Fri May 15 13:21:06 UTC 2026
Cache sync 19 at Fri May 15 13:21:06 UTC 2026
Cache sync 20 at Fri May 15 13:21:06 UTC 2026
Cache sync 21 at Fri May 15 13:21:06 UTC 2026
Cache sync 22 at Fri May 15 13:21:06 UTC 2026
Cache sync 23 at Fri May 15 13:21:06 UTC 2026
Cache sync 24 at Fri May 15 13:21:06 UTC 2026
Cache sync 25 at Fri May 15 13:21:06 UTC 2026
Cache sync 26 at Fri May 15 13:21:06 UTC 2026
Cache sync 27 at Fri May 15 13:21:06 UTC 2026
Cache sync 28 at Fri May 15 13:21:06 UTC 2026
Cache sync 29 at Fri May 15 13:21:06 UTC 2026
Cache sync 30 at Fri May 15 13:21:06 UTC 2026
Cache sync 31 at Fri May 15 13:21:06 UTC 2026
Cache sync 32 at Fri May 15 13:21:06 UTC 2026
Cache sync 33 at Fri May 15 13:21:06 UTC 2026
Cache sync 34 at Fri May 15 13:21:06 UTC 2026
Cache sync 1 at Sat May 16 01:28:52 UTC 2026
Cache sync 2 at Sat May 16 01:28:52 UTC 2026
Cache sync 3 at Sat May 16 01:28:52 UTC 2026
Cache sync 4 at Sat May 16 01:28:52 UTC 2026
Cache sync 5 at Sat May 16 01:28:52 UTC 2026
Cache sync 6 at Sat May 16 01:28:52 UTC 2026
Cache sync 7 at Sat May 16 01:28:52 UTC 2026
Cache sync 8 at Sat May 16 01:28:52 UTC 2026
Cache sync 9 at Sat May 16 01:28:52 UTC 2026
Cache sync 10 at Sat May 16 01:28:52 UTC 2026
Cache sync 11 at Sat May 16 01:28:52 UTC 2026
Cache sync 12 at Sat May 16 01:28:52 UTC 2026
Cache sync 13 at Sat May 16 01:28:52 UTC 2026
Cache sync 14 at Sat May 16 01:28:52 UTC 2026
Cache sync 15 at Sat May 16 01:28:52 UTC 2026
Cache sync 16 at Sat May 16 01:28:52 UTC 2026
Cache sync 17 at Sat May 16 01:28:52 UTC 2026
Cache sync 18 at Sat May 16 01:28:52 UTC 2026
Cache sync 19 at Sat May 16 01:28:52 UTC 2026
Cache sync 20 at Sat May 16 01:28:52 UTC 2026
Cache sync 21 at Sat May 16 01:28:52 UTC 2026
Cache sync 22 at Sat May 16 01:28:52 UTC 2026
Cache sync 23 at Sat May 16 01:28:52 UTC 2026
Cache sync 24 at Sat May 16 01:28:52 UTC 2026
Cache sync 25 at Sat May 16 01:28:52 UTC 2026
Cache sync 26 at Sat May 16 01:28:52 UTC 2026
Cache sync 27 at Sat May 16 01:28:52 UTC 2026
Cache sync 28 at Sat May 16 01:28:52 UTC 2026
Cache sync 29 at Sat May 16 01:28:52 UTC 2026
Cache sync 1 at Sun May 17 01:45:59 UTC 2026
Cache sync 2 at Sun May 17 01:45:59 UTC 2026
Cache sync 3 at Sun May 17 01:45:59 UTC 2026
Cache sync 4 at Sun May 17 01:45:59 UTC 2026
Cache sync 5 at Sun May 17 01:45:59 UTC 2026
Cache sync 6 at Sun May 17 01:45:59 UTC 2026
Cache sync 7 at Sun May 17 01:45:59 UTC 2026
Cache sync 8 at Sun May 17 01:45:59 UTC 2026
Cache sync 9 at Sun May 17 01:45:59 UTC 2026
Cache sync 10 at Sun May 17 01:45:59 UTC 2026
Cache sync 11 at Sun May 17 01:45:59 UTC 2026
Cache sync 12 at Sun May 17 01:45:59 UTC 2026
Cache sync 13 at Sun May 17 01:45:59 UTC 2026
Cache sync 14 at Sun May 17 01:45:59 UTC 2026
Cache sync 15 at Sun May 17 01:45:59 UTC 2026
Cache sync 16 at Sun May 17 01:45:59 UTC 2026
Cache sync 1 at Sun May 17 12:45:59 UTC 2026
Cache sync 2 at Sun May 17 12:45:59 UTC 2026
Cache sync 3 at Sun May 17 12:45:59 UTC 2026
Cache sync 4 at Sun May 17 12:45:59 UTC 2026
Cache sync 5 at Sun May 17 12:45:59 UTC 2026
Cache sync 6 at Sun May 17 12:45:59 UTC 2026
Cache sync 7 at Sun May 17 12:45:59 UTC 2026
Cache sync 1 at Mon May 18 01:54:49 UTC 2026
Cache sync 2 at Mon May 18 01:54:49 UTC 2026
Cache sync 3 at Mon May 18 01:54:49 UTC 2026
Cache sync 4 at Mon May 18 01:54:49 UTC 2026
Cache sync 5 at Mon May 18 01:54:49 UTC 2026
Cache sync 6 at Mon May 18 01:54:49 UTC 2026
Cache sync 7 at Mon May 18 01:54:49 UTC 2026
Cache sync 8 at Mon May 18 01:54:49 UTC 2026
Cache sync 9 at Mon May 18 01:54:49 UTC 2026
Cache sync 10 at Mon May 18 01:54:49 UTC 2026
Cache sync 11 at Mon May 18 01:54:49 UTC 2026
Cache sync 12 at Mon May 18 01:54:49 UTC 2026
Cache sync 13 at Mon May 18 01:54:49 UTC 2026
Cache sync 14 at Mon May 18 01:54:49 UTC 2026
Cache sync 15 at Mon May 18 01:54:49 UTC 2026
Cache sync 16 at Mon May 18 01:54:49 UTC 2026
Cache sync 17 at Mon May 18 01:54:49 UTC 2026
Cache sync 18 at Mon May 18 01:54:49 UTC 2026
Cache sync 19 at Mon May 18 01:54:49 UTC 2026
Cache sync 20 at Mon May 18 01:54:49 UTC 2026
Cache sync 21 at Mon May 18 01:54:49 UTC 2026
Cache sync 22 at Mon May 18 01:54:49 UTC 2026
Cache sync 23 at Mon May 18 01:54:49 UTC 2026
Cache sync 24 at Mon May 18 01:54:49 UTC 2026
Cache sync 25 at Mon May 18 01:54:49 UTC 2026
Cache sync 26 at Mon May 18 01:54:49 UTC 2026
Cache sync 27 at Mon May 18 01:54:49 UTC 2026
Cache sync 28 at Mon May 18 01:54:49 UTC 2026
Cache sync 29 at Mon May 18 01:54:49 UTC 2026
Cache sync 30 at Mon May 18 01:54:49 UTC 2026
Cache sync 31 at Mon May 18 01:54:49 UTC 2026
Cache sync 32 at Mon May 18 01:54:49 UTC 2026
Cache sync 33 at Mon May 18 01:54:49 UTC 2026
Cache sync 34 at Mon May 18 01:54:49 UTC 2026
Cache sync 35 at Mon May 18 01:54:49 UTC 2026
Cache sync 36 at Mon May 18 01:54:49 UTC 2026
Cache sync 37 at Mon May 18 01:54:49 UTC 2026
Cache sync 38 at Mon May 18 01:54:49 UTC 2026
Cache sync 39 at Mon May 18 01:54:49 UTC 2026
Cache sync 40 at Mon May 18 01:54:49 UTC 2026
Cache sync 41 at Mon May 18 01:54:49 UTC 2026
Cache sync 42 at Mon May 18 01:54:49 UTC 2026
Cache sync 43 at Mon May 18 01:54:49 UTC 2026
Cache sync 44 at Mon May 18 01:54:49 UTC 2026
Cache sync 45 at Mon May 18 01:54:49 UTC 2026
Cache sync 46 at Mon May 18 01:54:49 UTC 2026
Cache sync 47 at Mon May 18 01:54:49 UTC 2026
Cache sync 48 at Mon May 18 01:54:49 UTC 2026
Cache sync 49 at Mon May 18 01:54:49 UTC 2026
Cache sync 50 at Mon May 18 01:54:49 UTC 2026
Cache sync 51 at Mon May 18 01:54:49 UTC 2026
Cache sync 52 at Mon May 18 01:54:49 UTC 2026
Cache sync 53 at Mon May 18 01:54:49 UTC 2026
Cache sync 54 at Mon May 18 01:54:49 UTC 2026
Cache sync 55 at Mon May 18 01:54:49 UTC 2026
Cache sync 56 at Mon May 18 01:54:49 UTC 2026
Cache sync 57 at Mon May 18 01:54:49 UTC 2026
Cache sync 58 at Mon May 18 01:54:49 UTC 2026
Cache sync 59 at Mon May 18 01:54:49 UTC 2026
Cache sync 60 at Mon May 18 01:54:49 UTC 2026
Cache sync 61 at Mon May 18 01:54:49 UTC 2026
Cache sync 62 at Mon May 18 01:54:49 UTC 2026
Cache sync 63 at Mon May 18 01:54:49 UTC 2026
Cache sync 64 at Mon May 18 01:54:50 UTC 2026
Cache sync 65 at Mon May 18 01:54:50 UTC 2026
Cache sync 66 at Mon May 18 01:54:50 UTC 2026
Cache sync 67 at Mon May 18 01:54:50 UTC 2026
Cache sync 68 at Mon May 18 01:54:50 UTC 2026
Cache sync 69 at Mon May 18 01:54:50 UTC 2026
Cache sync 70 at Mon May 18 01:54:50 UTC 2026
Cache sync 71 at Mon May 18 01:54:50 UTC 2026
Cache sync 72 at Mon May 18 01:54:50 UTC 2026
Cache sync 73 at Mon May 18 01:54:50 UTC 2026
Cache sync 74 at Mon May 18 01:54:50 UTC 2026
Cache sync 75 at Mon May 18 01:54:50 UTC 2026
Cache sync 76 at Mon May 18 01:54:50 UTC 2026
Cache sync 77 at Mon May 18 01:54:50 UTC 2026
Cache sync 1 at Mon May 18 14:47:57 UTC 2026
Cache sync 2 at Mon May 18 14:47:57 UTC 2026
Cache sync 3 at Mon May 18 14:47:57 UTC 2026
Cache sync 4 at Mon May 18 14:47:57 UTC 2026
Cache sync 5 at Mon May 18 14:47:57 UTC 2026
Cache sync 6 at Mon May 18 14:47:57 UTC 2026
Cache sync 7 at Mon May 18 14:47:57 UTC 2026
Cache sync 8 at Mon May 18 14:47:57 UTC 2026
Cache sync 9 at Mon May 18 14:47:57 UTC 2026
Cache sync 10 at Mon May 18 14:47:57 UTC 2026
Cache sync 11 at Mon May 18 14:47:57 UTC 2026
Cache sync 12 at Mon May 18 14:47:57 UTC 2026
Cache sync 13 at Mon May 18 14:47:57 UTC 2026
Cache sync 14 at Mon May 18 14:47:57 UTC 2026
Cache sync 15 at Mon May 18 14:47:57 UTC 2026
Cache sync 16 at Mon May 18 14:47:57 UTC 2026
Cache sync 17 at Mon May 18 14:47:57 UTC 2026
Cache sync 18 at Mon May 18 14:47:57 UTC 2026
Cache sync 19 at Mon May 18 14:47:57 UTC 2026
Cache sync 20 at Mon May 18 14:47:57 UTC 2026
Cache sync 21 at Mon May 18 14:47:57 UTC 2026
Cache sync 22 at Mon May 18 14:47:57 UTC 2026
Cache sync 23 at Mon May 18 14:47:57 UTC 2026
Cache sync 24 at Mon May 18 14:47:57 UTC 2026
Cache sync 25 at Mon May 18 14:47:57 UTC 2026
Cache sync 26 at Mon May 18 14:47:57 UTC 2026
Cache sync 27 at Mon May 18 14:47:57 UTC 2026
Cache sync 28 at Mon May 18 14:47:57 UTC 2026
Cache sync 29 at Mon May 18 14:47:57 UTC 2026
Cache sync 30 at Mon May 18 14:47:57 UTC 2026
Cache sync 31 at Mon May 18 14:47:57 UTC 2026
Cache sync 32 at Mon May 18 14:47:57 UTC 2026
Cache sync 33 at Mon May 18 14:47:57 UTC 2026
Cache sync 34 at Mon May 18 14:47:57 UTC 2026
Cache sync 35 at Mon May 18 14:47:57 UTC 2026
Cache sync 36 at Mon May 18 14:47:57 UTC 2026
Cache sync 37 at Mon May 18 14:47:57 UTC 2026
Cache sync 38 at Mon May 18 14:47:57 UTC 2026
Cache sync 39 at Mon May 18 14:47:57 UTC 2026
Cache sync 40 at Mon May 18 14:47:57 UTC 2026
Cache sync 41 at Mon May 18 14:47:57 UTC 2026
Cache sync 42 at Mon May 18 14:47:57 UTC 2026
Cache sync 43 at Mon May 18 14:47:57 UTC 2026
Cache sync 44 at Mon May 18 14:47:57 UTC 2026
Cache sync 45 at Mon May 18 14:47:57 UTC 2026
Cache sync 46 at Mon May 18 14:47:57 UTC 2026
Cache sync 47 at Mon May 18 14:47:57 UTC 2026
Cache sync 48 at Mon May 18 14:47:57 UTC 2026
Cache sync 49 at Mon May 18 14:47:57 UTC 2026
Cache sync 50 at Mon May 18 14:47:57 UTC 2026
Cache sync 51 at Mon May 18 14:47:57 UTC 2026
Cache sync 52 at Mon May 18 14:47:57 UTC 2026
Cache sync 53 at Mon May 18 14:47:57 UTC 2026
Cache sync 54 at Mon May 18 14:47:57 UTC 2026
Cache sync 55 at Mon May 18 14:47:57 UTC 2026
Cache sync 56 at Mon May 18 14:47:57 UTC 2026
Cache sync 57 at Mon May 18 14:47:57 UTC 2026
Cache sync 58 at Mon May 18 14:47:57 UTC 2026
Cache sync 59 at Mon May 18 14:47:57 UTC 2026
Cache sync 60 at Mon May 18 14:47:57 UTC 2026
Cache sync 61 at Mon May 18 14:47:57 UTC 2026
Cache sync 62 at Mon May 18 14:47:57 UTC 2026
Cache sync 63 at Mon May 18 14:47:57 UTC 2026
Cache sync 64 at Mon May 18 14:47:57 UTC 2026
Cache sync 65 at Mon May 18 14:47:57 UTC 2026
Cache sync 66 at Mon May 18 14:47:57 UTC 2026
Cache sync 67 at Mon May 18 14:47:57 UTC 2026
Cache sync 68 at Mon May 18 14:47:57 UTC 2026
Cache sync 69 at Mon May 18 14:47:57 UTC 2026
Cache sync 70 at Mon May 18 14:47:57 UTC 2026
Cache sync 1 at Tue May 19 01:54:56 UTC 2026
Cache sync 2 at Tue May 19 01:54:56 UTC 2026
Cache sync 3 at Tue May 19 01:54:56 UTC 2026
Cache sync 4 at Tue May 19 01:54:56 UTC 2026
Cache sync 5 at Tue May 19 01:54:56 UTC 2026
Cache sync 6 at Tue May 19 01:54:56 UTC 2026
Cache sync 7 at Tue May 19 01:54:56 UTC 2026
Cache sync 8 at Tue May 19 01:54:56 UTC 2026
Cache sync 9 at Tue May 19 01:54:56 UTC 2026
Cache sync 10 at Tue May 19 01:54:56 UTC 2026
Cache sync 11 at Tue May 19 01:54:56 UTC 2026
Cache sync 12 at Tue May 19 01:54:56 UTC 2026
Cache sync 13 at Tue May 19 01:54:56 UTC 2026
Cache sync 14 at Tue May 19 01:54:56 UTC 2026
Cache sync 15 at Tue May 19 01:54:56 UTC 2026
Cache sync 16 at Tue May 19 01:54:56 UTC 2026
Cache sync 17 at Tue May 19 01:54:56 UTC 2026
Cache sync 18 at Tue May 19 01:54:56 UTC 2026
Cache sync 19 at Tue May 19 01:54:56 UTC 2026
Cache sync 20 at Tue May 19 01:54:56 UTC 2026
Cache sync 21 at Tue May 19 01:54:56 UTC 2026
Cache sync 22 at Tue May 19 01:54:56 UTC 2026
Cache sync 23 at Tue May 19 01:54:57 UTC 2026
Cache sync 24 at Tue May 19 01:54:57 UTC 2026
Cache sync 25 at Tue May 19 01:54:57 UTC 2026
Cache sync 26 at Tue May 19 01:54:57 UTC 2026
Cache sync 27 at Tue May 19 01:54:57 UTC 2026
Cache sync 28 at Tue May 19 01:54:57 UTC 2026
Cache sync 29 at Tue May 19 01:54:57 UTC 2026
Cache sync 30 at Tue May 19 01:54:57 UTC 2026
Cache sync 31 at Tue May 19 01:54:57 UTC 2026
Cache sync 32 at Tue May 19 01:54:57 UTC 2026
Cache sync 33 at Tue May 19 01:54:57 UTC 2026
Cache sync 34 at Tue May 19 01:54:57 UTC 2026
Cache sync 35 at Tue May 19 01:54:57 UTC 2026
Cache sync 36 at Tue May 19 01:54:57 UTC 2026
Cache sync 37 at Tue May 19 01:54:57 UTC 2026
Cache sync 38 at Tue May 19 01:54:57 UTC 2026
Cache sync 39 at Tue May 19 01:54:57 UTC 2026
Cache sync 40 at Tue May 19 01:54:57 UTC 2026
Cache sync 41 at Tue May 19 01:54:57 UTC 2026
Cache sync 42 at Tue May 19 01:54:57 UTC 2026
Cache sync 43 at Tue May 19 01:54:57 UTC 2026
Cache sync 44 at Tue May 19 01:54:57 UTC 2026
Cache sync 45 at Tue May 19 01:54:57 UTC 2026
Cache sync 46 at Tue May 19 01:54:57 UTC 2026
Cache sync 47 at Tue May 19 01:54:57 UTC 2026
Cache sync 48 at Tue May 19 01:54:57 UTC 2026
Cache sync 49 at Tue May 19 01:54:57 UTC 2026
Cache sync 1 at Tue May 19 14:26:16 UTC 2026
Cache sync 2 at Tue May 19 14:26:16 UTC 2026
Cache sync 3 at Tue May 19 14:26:16 UTC 2026
Cache sync 4 at Tue May 19 14:26:16 UTC 2026
Cache sync 5 at Tue May 19 14:26:16 UTC 2026
Cache sync 6 at Tue May 19 14:26:16 UTC 2026
Cache sync 7 at Tue May 19 14:26:16 UTC 2026
Cache sync 8 at Tue May 19 14:26:16 UTC 2026
Cache sync 9 at Tue May 19 14:26:16 UTC 2026
Cache sync 10 at Tue May 19 14:26:16 UTC 2026
Cache sync 11 at Tue May 19 14:26:16 UTC 2026
Cache sync 12 at Tue May 19 14:26:16 UTC 2026
Cache sync 13 at Tue May 19 14:26:16 UTC 2026
Cache sync 14 at Tue May 19 14:26:16 UTC 2026
Cache sync 15 at Tue May 19 14:26:16 UTC 2026
Cache sync 16 at Tue May 19 14:26:16 UTC 2026
Cache sync 1 at Wed May 20 01:54:37 UTC 2026
Cache sync 2 at Wed May 20 01:54:37 UTC 2026
Cache sync 3 at Wed May 20 01:54:37 UTC 2026
Cache sync 4 at Wed May 20 01:54:37 UTC 2026
Cache sync 5 at Wed May 20 01:54:37 UTC 2026
Cache sync 6 at Wed May 20 01:54:37 UTC 2026
Cache sync 7 at Wed May 20 01:54:37 UTC 2026
Cache sync 8 at Wed May 20 01:54:37 UTC 2026
Cache sync 9 at Wed May 20 01:54:37 UTC 2026
Cache sync 10 at Wed May 20 01:54:37 UTC 2026
Cache sync 11 at Wed May 20 01:54:37 UTC 2026
Cache sync 12 at Wed May 20 01:54:37 UTC 2026
Cache sync 13 at Wed May 20 01:54:37 UTC 2026
Cache sync 14 at Wed May 20 01:54:37 UTC 2026
Cache sync 15 at Wed May 20 01:54:37 UTC 2026
Cache sync 16 at Wed May 20 01:54:37 UTC 2026
Cache sync 17 at Wed May 20 01:54:37 UTC 2026
Cache sync 18 at Wed May 20 01:54:37 UTC 2026
Cache sync 19 at Wed May 20 01:54:37 UTC 2026
Cache sync 20 at Wed May 20 01:54:37 UTC 2026
Cache sync 21 at Wed May 20 01:54:37 UTC 2026
Cache sync 22 at Wed May 20 01:54:37 UTC 2026
Cache sync 23 at Wed May 20 01:54:37 UTC 2026
Cache sync 1 at Thu May 21 01:53:44 UTC 2026
Cache sync 2 at Thu May 21 01:53:44 UTC 2026
Cache sync 3 at Thu May 21 01:53:44 UTC 2026
Cache sync 4 at Thu May 21 01:53:44 UTC 2026
Cache sync 5 at Thu May 21 01:53:44 UTC 2026
Cache sync 6 at Thu May 21 01:53:44 UTC 2026
Cache sync 7 at Thu May 21 01:53:44 UTC 2026
Cache sync 8 at Thu May 21 01:53:44 UTC 2026
Cache sync 9 at Thu May 21 01:53:44 UTC 2026
Cache sync 10 at Thu May 21 01:53:44 UTC 2026
Cache sync 11 at Thu May 21 01:53:44 UTC 2026
Cache sync 12 at Thu May 21 01:53:44 UTC 2026
Cache sync 13 at Thu May 21 01:53:44 UTC 2026
Cache sync 14 at Thu May 21 01:53:44 UTC 2026
Cache sync 15 at Thu May 21 01:53:44 UTC 2026
Cache sync 16 at Thu May 21 01:53:44 UTC 2026
Cache sync 17 at Thu May 21 01:53:44 UTC 2026
Cache sync 18 at Thu May 21 01:53:44 UTC 2026
Cache sync 19 at Thu May 21 01:53:44 UTC 2026
Cache sync 20 at Thu May 21 01:53:44 UTC 2026
Cache sync 21 at Thu May 21 01:53:44 UTC 2026
Cache sync 22 at Thu May 21 01:53:44 UTC 2026
Cache sync 23 at Thu May 21 01:53:44 UTC 2026
Cache sync 24 at Thu May 21 01:53:44 UTC 2026
Cache sync 25 at Thu May 21 01:53:44 UTC 2026
Cache sync 26 at Thu May 21 01:53:44 UTC 2026
Cache sync 27 at Thu May 21 01:53:44 UTC 2026
Cache sync 28 at Thu May 21 01:53:44 UTC 2026
Cache sync 29 at Thu May 21 01:53:44 UTC 2026
Cache sync 30 at Thu May 21 01:53:44 UTC 2026
Cache sync 31 at Thu May 21 01:53:44 UTC 2026
Cache sync 32 at Thu May 21 01:53:44 UTC 2026
Cache sync 33 at Thu May 21 01:53:44 UTC 2026
Cache sync 34 at Thu May 21 01:53:44 UTC 2026
Cache sync 35 at Thu May 21 01:53:44 UTC 2026
Cache sync 36 at Thu May 21 01:53:44 UTC 2026
Cache sync 37 at Thu May 21 01:53:44 UTC 2026
Cache sync 38 at Thu May 21 01:53:44 UTC 2026
Cache sync 39 at Thu May 21 01:53:44 UTC 2026
Cache sync 40 at Thu May 21 01:53:44 UTC 2026
Cache sync 1 at Fri May 22 01:55:08 UTC 2026
Cache sync 2 at Fri May 22 01:55:08 UTC 2026
Cache sync 3 at Fri May 22 01:55:08 UTC 2026
Cache sync 4 at Fri May 22 01:55:08 UTC 2026
Cache sync 5 at Fri May 22 01:55:08 UTC 2026
Cache sync 6 at Fri May 22 01:55:08 UTC 2026
Cache sync 7 at Fri May 22 01:55:08 UTC 2026
Cache sync 8 at Fri May 22 01:55:08 UTC 2026
Cache sync 9 at Fri May 22 01:55:08 UTC 2026
Cache sync 10 at Fri May 22 01:55:08 UTC 2026
Cache sync 11 at Fri May 22 01:55:08 UTC 2026
Cache sync 12 at Fri May 22 01:55:08 UTC 2026
Cache sync 13 at Fri May 22 01:55:08 UTC 2026
Cache sync 14 at Fri May 22 01:55:08 UTC 2026
Cache sync 15 at Fri May 22 01:55:08 UTC 2026
Cache sync 16 at Fri May 22 01:55:08 UTC 2026
Cache sync 17 at Fri May 22 01:55:08 UTC 2026
Cache sync 18 at Fri May 22 01:55:08 UTC 2026
Cache sync 19 at Fri May 22 01:55:08 UTC 2026
Cache sync 20 at Fri May 22 01:55:08 UTC 2026
Cache sync 21 at Fri May 22 01:55:08 UTC 2026
Cache sync 22 at Fri May 22 01:55:08 UTC 2026
Cache sync 23 at Fri May 22 01:55:08 UTC 2026
Cache sync 24 at Fri May 22 01:55:08 UTC 2026
Cache sync 25 at Fri May 22 01:55:08 UTC 2026
Cache sync 26 at Fri May 22 01:55:08 UTC 2026
Cache sync 27 at Fri May 22 01:55:08 UTC 2026
Cache sync 28 at Fri May 22 01:55:08 UTC 2026
Cache sync 29 at Fri May 22 01:55:08 UTC 2026
Cache sync 30 at Fri May 22 01:55:08 UTC 2026
Cache sync 31 at Fri May 22 01:55:08 UTC 2026
Cache sync 32 at Fri May 22 01:55:08 UTC 2026
Cache sync 33 at Fri May 22 01:55:08 UTC 2026
Cache sync 34 at Fri May 22 01:55:08 UTC 2026
Cache sync 35 at Fri May 22 01:55:08 UTC 2026
Cache sync 36 at Fri May 22 01:55:08 UTC 2026
Cache sync 37 at Fri May 22 01:55:09 UTC 2026
Cache sync 38 at Fri May 22 01:55:09 UTC 2026
Cache sync 39 at Fri May 22 01:55:09 UTC 2026
Cache sync 40 at Fri May 22 01:55:09 UTC 2026
Cache sync 41 at Fri May 22 01:55:09 UTC 2026
Cache sync 42 at Fri May 22 01:55:09 UTC 2026
Cache sync 43 at Fri May 22 01:55:09 UTC 2026
Cache sync 44 at Fri May 22 01:55:09 UTC 2026
Cache sync 45 at Fri May 22 01:55:09 UTC 2026
Cache sync 46 at Fri May 22 01:55:09 UTC 2026
Cache sync 1 at Fri May 22 14:07:36 UTC 2026
Cache sync 2 at Fri May 22 14:07:36 UTC 2026
Cache sync 3 at Fri May 22 14:07:36 UTC 2026
Cache sync 4 at Fri May 22 14:07:36 UTC 2026
Cache sync 5 at Fri May 22 14:07:36 UTC 2026
Cache sync 6 at Fri May 22 14:07:36 UTC 2026
Cache sync 7 at Fri May 22 14:07:36 UTC 2026
Cache sync 8 at Fri May 22 14:07:36 UTC 2026
Cache sync 9 at Fri May 22 14:07:36 UTC 2026
Cache sync 10 at Fri May 22 14:07:36 UTC 2026
Cache sync 11 at Fri May 22 14:07:36 UTC 2026
Cache sync 12 at Fri May 22 14:07:36 UTC 2026
Cache sync 13 at Fri May 22 14:07:36 UTC 2026
Cache sync 14 at Fri May 22 14:07:36 UTC 2026
Cache sync 15 at Fri May 22 14:07:36 UTC 2026
Cache sync 16 at Fri May 22 14:07:36 UTC 2026
Cache sync 17 at Fri May 22 14:07:36 UTC 2026
Cache sync 18 at Fri May 22 14:07:36 UTC 2026
Cache sync 19 at Fri May 22 14:07:36 UTC 2026
Cache sync 20 at Fri May 22 14:07:36 UTC 2026
Cache sync 21 at Fri May 22 14:07:36 UTC 2026
Cache sync 22 at Fri May 22 14:07:36 UTC 2026
Cache sync 23 at Fri May 22 14:07:36 UTC 2026
Cache sync 24 at Fri May 22 14:07:36 UTC 2026
Cache sync 25 at Fri May 22 14:07:36 UTC 2026
Cache sync 26 at Fri May 22 14:07:36 UTC 2026
Cache sync 27 at Fri May 22 14:07:36 UTC 2026
Cache sync 28 at Fri May 22 14:07:36 UTC 2026
Cache sync 29 at Fri May 22 14:07:36 UTC 2026
Cache sync 30 at Fri May 22 14:07:36 UTC 2026
Cache sync 31 at Fri May 22 14:07:36 UTC 2026
Cache sync 32 at Fri May 22 14:07:36 UTC 2026
Cache sync 33 at Fri May 22 14:07:36 UTC 2026
Cache sync 34 at Fri May 22 14:07:36 UTC 2026
